<?xml version="1.0" encoding="ISO-8859-1" ?>
<link_info>
   <banner>TI ARM Clang Linker PC v3.2.1.LTS</banner>
   <copyright>Copyright (c) 1996-2018 Texas Instruments Incorporated</copyright>
   <link_time>0x6626fa1b</link_time>
   <link_errors>0x0</link_errors>
   <output_file>C:\Users\nolan\Downloads\MSPM0_ValvanoWare\MSPM0_ValvanoWare\ECE319K_Lab9\Debug\ECE319K_Lab9.out</output_file>
   <entry_point>
      <name>_c_int00_noargs</name>
      <address>0xacfd</address>
   </entry_point>
   <input_file_list>
      <input_file id="fl-1">
         <path>C:\Users\nolan\Downloads\MSPM0_ValvanoWare\MSPM0_ValvanoWare\ECE319K_Lab9\Debug\.\</path>
         <kind>object</kind>
         <file>ADC1.o</file>
         <name>ADC1.o</name>
      </input_file>
      <input_file id="fl-2">
         <path>C:\Users\nolan\Downloads\MSPM0_ValvanoWare\MSPM0_ValvanoWare\ECE319K_Lab9\Debug\.\</path>
         <kind>object</kind>
         <file>Clock.o</file>
         <name>Clock.o</name>
      </input_file>
      <input_file id="fl-3">
         <path>C:\Users\nolan\Downloads\MSPM0_ValvanoWare\MSPM0_ValvanoWare\ECE319K_Lab9\Debug\.\</path>
         <kind>object</kind>
         <file>DAC5.o</file>
         <name>DAC5.o</name>
      </input_file>
      <input_file id="fl-4">
         <path>C:\Users\nolan\Downloads\MSPM0_ValvanoWare\MSPM0_ValvanoWare\ECE319K_Lab9\Debug\.\</path>
         <kind>object</kind>
         <file>LED.o</file>
         <name>LED.o</name>
      </input_file>
      <input_file id="fl-5">
         <path>C:\Users\nolan\Downloads\MSPM0_ValvanoWare\MSPM0_ValvanoWare\ECE319K_Lab9\Debug\.\</path>
         <kind>object</kind>
         <file>Lab9Main.o</file>
         <name>Lab9Main.o</name>
      </input_file>
      <input_file id="fl-6">
         <path>C:\Users\nolan\Downloads\MSPM0_ValvanoWare\MSPM0_ValvanoWare\ECE319K_Lab9\Debug\.\</path>
         <kind>object</kind>
         <file>LaunchPad.o</file>
         <name>LaunchPad.o</name>
      </input_file>
      <input_file id="fl-7">
         <path>C:\Users\nolan\Downloads\MSPM0_ValvanoWare\MSPM0_ValvanoWare\ECE319K_Lab9\Debug\.\</path>
         <kind>object</kind>
         <file>SPI.o</file>
         <name>SPI.o</name>
      </input_file>
      <input_file id="fl-8">
         <path>C:\Users\nolan\Downloads\MSPM0_ValvanoWare\MSPM0_ValvanoWare\ECE319K_Lab9\Debug\.\</path>
         <kind>object</kind>
         <file>ST7735.o</file>
         <name>ST7735.o</name>
      </input_file>
      <input_file id="fl-9">
         <path>C:\Users\nolan\Downloads\MSPM0_ValvanoWare\MSPM0_ValvanoWare\ECE319K_Lab9\Debug\.\</path>
         <kind>object</kind>
         <file>SmallFont.o</file>
         <name>SmallFont.o</name>
      </input_file>
      <input_file id="fl-a">
         <path>C:\Users\nolan\Downloads\MSPM0_ValvanoWare\MSPM0_ValvanoWare\ECE319K_Lab9\Debug\.\</path>
         <kind>object</kind>
         <file>Sound.o</file>
         <name>Sound.o</name>
      </input_file>
      <input_file id="fl-b">
         <path>C:\Users\nolan\Downloads\MSPM0_ValvanoWare\MSPM0_ValvanoWare\ECE319K_Lab9\Debug\.\</path>
         <kind>object</kind>
         <file>Switch.o</file>
         <name>Switch.o</name>
      </input_file>
      <input_file id="fl-c">
         <path>C:\Users\nolan\Downloads\MSPM0_ValvanoWare\MSPM0_ValvanoWare\ECE319K_Lab9\Debug\.\</path>
         <kind>object</kind>
         <file>TExaS.o</file>
         <name>TExaS.o</name>
      </input_file>
      <input_file id="fl-d">
         <path>C:\Users\nolan\Downloads\MSPM0_ValvanoWare\MSPM0_ValvanoWare\ECE319K_Lab9\Debug\.\</path>
         <kind>object</kind>
         <file>Timer.o</file>
         <name>Timer.o</name>
      </input_file>
      <input_file id="fl-e">
         <path>C:\Users\nolan\Downloads\MSPM0_ValvanoWare\MSPM0_ValvanoWare\ECE319K_Lab9\Debug\.\images\pipedreams\</path>
         <kind>object</kind>
         <file>PipeSound.o</file>
         <name>PipeSound.o</name>
      </input_file>
      <input_file id="fl-f">
         <path>C:\Users\nolan\Downloads\MSPM0_ValvanoWare\MSPM0_ValvanoWare\ECE319K_Lab9\Debug\.\ticlang\</path>
         <kind>object</kind>
         <file>startup_mspm0g3507_ticlang.o</file>
         <name>startup_mspm0g3507_ticlang.o</name>
      </input_file>
      <input_file id="fl-1b">
         <path>C:\Users\nolan\Downloads\MSPM0_ValvanoWare\MSPM0_ValvanoWare\ECE319K_Lab9\Debug\</path>
         <kind>object</kind>
         <file>&lt;internal&gt;</file>
         <name>&lt;internal&gt;</name>
      </input_file>
      <input_file id="fl-2a">
         <path>C:\ti\ccs1260\ccs\tools\compiler\ti-cgt-armllvm_3.2.1.LTS\lib\armv6m-ti-none-eabi\c\</path>
         <kind>archive</kind>
         <file>libc.a</file>
         <name>fopen.c.obj</name>
      </input_file>
      <input_file id="fl-2b">
         <path>C:\ti\ccs1260\ccs\tools\compiler\ti-cgt-armllvm_3.2.1.LTS\lib\armv6m-ti-none-eabi\c\</path>
         <kind>archive</kind>
         <file>libc.a</file>
         <name>setvbuf.c.obj</name>
      </input_file>
      <input_file id="fl-2c">
         <path>C:\ti\ccs1260\ccs\tools\compiler\ti-cgt-armllvm_3.2.1.LTS\lib\armv6m-ti-none-eabi\c\</path>
         <kind>archive</kind>
         <file>libc.a</file>
         <name>aeabi_portable.c.obj</name>
      </input_file>
      <input_file id="fl-2d">
         <path>C:\ti\ccs1260\ccs\tools\compiler\ti-cgt-armllvm_3.2.1.LTS\lib\armv6m-ti-none-eabi\c\</path>
         <kind>archive</kind>
         <file>libc.a</file>
         <name>exit.c.obj</name>
      </input_file>
      <input_file id="fl-2e">
         <path>C:\ti\ccs1260\ccs\tools\compiler\ti-cgt-armllvm_3.2.1.LTS\lib\armv6m-ti-none-eabi\c\</path>
         <kind>archive</kind>
         <file>libc.a</file>
         <name>_lock.c.obj</name>
      </input_file>
      <input_file id="fl-2f">
         <path>C:\ti\ccs1260\ccs\tools\compiler\ti-cgt-armllvm_3.2.1.LTS\lib\armv6m-ti-none-eabi\c\</path>
         <kind>archive</kind>
         <file>libc.a</file>
         <name>assert.c.obj</name>
      </input_file>
      <input_file id="fl-30">
         <path>C:\ti\ccs1260\ccs\tools\compiler\ti-cgt-armllvm_3.2.1.LTS\lib\armv6m-ti-none-eabi\c\</path>
         <kind>archive</kind>
         <file>libc.a</file>
         <name>defs.c.obj</name>
      </input_file>
      <input_file id="fl-31">
         <path>C:\ti\ccs1260\ccs\tools\compiler\ti-cgt-armllvm_3.2.1.LTS\lib\armv6m-ti-none-eabi\c\</path>
         <kind>archive</kind>
         <file>libc.a</file>
         <name>memory.c.obj</name>
      </input_file>
      <input_file id="fl-32">
         <path>C:\ti\ccs1260\ccs\tools\compiler\ti-cgt-armllvm_3.2.1.LTS\lib\armv6m-ti-none-eabi\c\</path>
         <kind>archive</kind>
         <file>libc.a</file>
         <name>abs.c.obj</name>
      </input_file>
      <input_file id="fl-33">
         <path>C:\ti\ccs1260\ccs\tools\compiler\ti-cgt-armllvm_3.2.1.LTS\lib\armv6m-ti-none-eabi\c\</path>
         <kind>archive</kind>
         <file>libc.a</file>
         <name>copy_zero_init.c.obj</name>
      </input_file>
      <input_file id="fl-34">
         <path>C:\ti\ccs1260\ccs\tools\compiler\ti-cgt-armllvm_3.2.1.LTS\lib\armv6m-ti-none-eabi\c\</path>
         <kind>archive</kind>
         <file>libc.a</file>
         <name>copy_decompress_none.c.obj</name>
      </input_file>
      <input_file id="fl-35">
         <path>C:\ti\ccs1260\ccs\tools\compiler\ti-cgt-armllvm_3.2.1.LTS\lib\armv6m-ti-none-eabi\c\</path>
         <kind>archive</kind>
         <file>libc.a</file>
         <name>copy_decompress_lzss.c.obj</name>
      </input_file>
      <input_file id="fl-36">
         <path>C:\ti\ccs1260\ccs\tools\compiler\ti-cgt-armllvm_3.2.1.LTS\lib\armv6m-ti-none-eabi\c\</path>
         <kind>archive</kind>
         <file>libc.a</file>
         <name>boot_cortex_m.c.obj</name>
      </input_file>
      <input_file id="fl-37">
         <path>C:\ti\ccs1260\ccs\tools\compiler\ti-cgt-armllvm_3.2.1.LTS\lib\armv6m-ti-none-eabi\c\</path>
         <kind>archive</kind>
         <file>libc.a</file>
         <name>mathacl_init.c.obj</name>
      </input_file>
      <input_file id="fl-38">
         <path>C:\ti\ccs1260\ccs\tools\compiler\ti-cgt-armllvm_3.2.1.LTS\lib\armv6m-ti-none-eabi\c\</path>
         <kind>archive</kind>
         <file>libc.a</file>
         <name>sprintf.c.obj</name>
      </input_file>
      <input_file id="fl-39">
         <path>C:\ti\ccs1260\ccs\tools\compiler\ti-cgt-armllvm_3.2.1.LTS\lib\armv6m-ti-none-eabi\c\</path>
         <kind>archive</kind>
         <file>libc.a</file>
         <name>fclose.c.obj</name>
      </input_file>
      <input_file id="fl-3a">
         <path>C:\ti\ccs1260\ccs\tools\compiler\ti-cgt-armllvm_3.2.1.LTS\lib\armv6m-ti-none-eabi\c\</path>
         <kind>archive</kind>
         <file>libc.a</file>
         <name>fflush.c.obj</name>
      </input_file>
      <input_file id="fl-3b">
         <path>C:\ti\ccs1260\ccs\tools\compiler\ti-cgt-armllvm_3.2.1.LTS\lib\armv6m-ti-none-eabi\c\</path>
         <kind>archive</kind>
         <file>libc.a</file>
         <name>fputs.c.obj</name>
      </input_file>
      <input_file id="fl-3c">
         <path>C:\ti\ccs1260\ccs\tools\compiler\ti-cgt-armllvm_3.2.1.LTS\lib\armv6m-ti-none-eabi\c\</path>
         <kind>archive</kind>
         <file>libc.a</file>
         <name>_io_perm.c.obj</name>
      </input_file>
      <input_file id="fl-3d">
         <path>C:\ti\ccs1260\ccs\tools\compiler\ti-cgt-armllvm_3.2.1.LTS\lib\armv6m-ti-none-eabi\c\</path>
         <kind>archive</kind>
         <file>libc.a</file>
         <name>args_main.c.obj</name>
      </input_file>
      <input_file id="fl-3e">
         <path>C:\ti\ccs1260\ccs\tools\compiler\ti-cgt-armllvm_3.2.1.LTS\lib\armv6m-ti-none-eabi\c\</path>
         <kind>archive</kind>
         <file>libc.a</file>
         <name>autoinit.c.obj</name>
      </input_file>
      <input_file id="fl-3f">
         <path>C:\ti\ccs1260\ccs\tools\compiler\ti-cgt-armllvm_3.2.1.LTS\lib\armv6m-ti-none-eabi\c\</path>
         <kind>archive</kind>
         <file>libc.a</file>
         <name>pre_init.c.obj</name>
      </input_file>
      <input_file id="fl-40">
         <path>C:\ti\ccs1260\ccs\tools\compiler\ti-cgt-armllvm_3.2.1.LTS\lib\armv6m-ti-none-eabi\c\</path>
         <kind>archive</kind>
         <file>libc.a</file>
         <name>cpy_tbl.c.obj</name>
      </input_file>
      <input_file id="fl-41">
         <path>C:\ti\ccs1260\ccs\tools\compiler\ti-cgt-armllvm_3.2.1.LTS\lib\armv6m-ti-none-eabi\c\</path>
         <kind>archive</kind>
         <file>libc.a</file>
         <name>_printfi.c.obj</name>
      </input_file>
      <input_file id="fl-42">
         <path>C:\ti\ccs1260\ccs\tools\compiler\ti-cgt-armllvm_3.2.1.LTS\lib\armv6m-ti-none-eabi\c\</path>
         <kind>archive</kind>
         <file>libc.a</file>
         <name>fseek.c.obj</name>
      </input_file>
      <input_file id="fl-43">
         <path>C:\ti\ccs1260\ccs\tools\compiler\ti-cgt-armllvm_3.2.1.LTS\lib\armv6m-ti-none-eabi\c\</path>
         <kind>archive</kind>
         <file>libc.a</file>
         <name>s_frexp.c.obj</name>
      </input_file>
      <input_file id="fl-44">
         <path>C:\ti\ccs1260\ccs\tools\compiler\ti-cgt-armllvm_3.2.1.LTS\lib\armv6m-ti-none-eabi\c\</path>
         <kind>archive</kind>
         <file>libc.a</file>
         <name>s_scalbn.c.obj</name>
      </input_file>
      <input_file id="fl-45">
         <path>C:\ti\ccs1260\ccs\tools\compiler\ti-cgt-armllvm_3.2.1.LTS\lib\armv6m-ti-none-eabi\c\</path>
         <kind>archive</kind>
         <file>libc.a</file>
         <name>_ltoa.c.obj</name>
      </input_file>
      <input_file id="fl-46">
         <path>C:\ti\ccs1260\ccs\tools\compiler\ti-cgt-armllvm_3.2.1.LTS\lib\armv6m-ti-none-eabi\c\</path>
         <kind>archive</kind>
         <file>libc.a</file>
         <name>atoi.c.obj</name>
      </input_file>
      <input_file id="fl-47">
         <path>C:\ti\ccs1260\ccs\tools\compiler\ti-cgt-armllvm_3.2.1.LTS\lib\armv6m-ti-none-eabi\c\</path>
         <kind>archive</kind>
         <file>libc.a</file>
         <name>memccpy.c.obj</name>
      </input_file>
      <input_file id="fl-48">
         <path>C:\ti\ccs1260\ccs\tools\compiler\ti-cgt-armllvm_3.2.1.LTS\lib\armv6m-ti-none-eabi\c\</path>
         <kind>archive</kind>
         <file>libc.a</file>
         <name>wcslen.c.obj</name>
      </input_file>
      <input_file id="fl-49">
         <path>C:\ti\ccs1260\ccs\tools\compiler\ti-cgt-armllvm_3.2.1.LTS\lib\armv6m-ti-none-eabi\c\</path>
         <kind>archive</kind>
         <file>libc.a</file>
         <name>aeabi_ctype.S.obj</name>
      </input_file>
      <input_file id="fl-af">
         <path>C:\ti\ccs1260\ccs\tools\compiler\ti-cgt-armllvm_3.2.1.LTS\lib\armv6m-ti-none-eabi\c\</path>
         <kind>archive</kind>
         <file>libsysbm.a</file>
         <name>write.c.obj</name>
      </input_file>
      <input_file id="fl-b0">
         <path>C:\ti\ccs1260\ccs\tools\compiler\ti-cgt-armllvm_3.2.1.LTS\lib\armv6m-ti-none-eabi\c\</path>
         <kind>archive</kind>
         <file>libsysbm.a</file>
         <name>host_device.c.obj</name>
      </input_file>
      <input_file id="fl-b1">
         <path>C:\ti\ccs1260\ccs\tools\compiler\ti-cgt-armllvm_3.2.1.LTS\lib\armv6m-ti-none-eabi\c\</path>
         <kind>archive</kind>
         <file>libsysbm.a</file>
         <name>remove.c.obj</name>
      </input_file>
      <input_file id="fl-b2">
         <path>C:\ti\ccs1260\ccs\tools\compiler\ti-cgt-armllvm_3.2.1.LTS\lib\armv6m-ti-none-eabi\c\</path>
         <kind>archive</kind>
         <file>libsysbm.a</file>
         <name>open.c.obj</name>
      </input_file>
      <input_file id="fl-b3">
         <path>C:\ti\ccs1260\ccs\tools\compiler\ti-cgt-armllvm_3.2.1.LTS\lib\armv6m-ti-none-eabi\c\</path>
         <kind>archive</kind>
         <file>libsysbm.a</file>
         <name>lseek.c.obj</name>
      </input_file>
      <input_file id="fl-b4">
         <path>C:\ti\ccs1260\ccs\tools\compiler\ti-cgt-armllvm_3.2.1.LTS\lib\armv6m-ti-none-eabi\c\</path>
         <kind>archive</kind>
         <file>libsysbm.a</file>
         <name>close.c.obj</name>
      </input_file>
      <input_file id="fl-b5">
         <path>C:\ti\ccs1260\ccs\tools\compiler\ti-cgt-armllvm_3.2.1.LTS\lib\armv6m-ti-none-eabi\c\</path>
         <kind>archive</kind>
         <file>libsysbm.a</file>
         <name>add_device.c.obj</name>
      </input_file>
      <input_file id="fl-b6">
         <path>C:\ti\ccs1260\ccs\tools\compiler\ti-cgt-armllvm_3.2.1.LTS\lib\armv6m-ti-none-eabi\c\</path>
         <kind>archive</kind>
         <file>libsysbm.a</file>
         <name>unlink.c.obj</name>
      </input_file>
      <input_file id="fl-b7">
         <path>C:\ti\ccs1260\ccs\tools\compiler\ti-cgt-armllvm_3.2.1.LTS\lib\armv6m-ti-none-eabi\c\</path>
         <kind>archive</kind>
         <file>libsysbm.a</file>
         <name>hostclose.c.obj</name>
      </input_file>
      <input_file id="fl-b8">
         <path>C:\ti\ccs1260\ccs\tools\compiler\ti-cgt-armllvm_3.2.1.LTS\lib\armv6m-ti-none-eabi\c\</path>
         <kind>archive</kind>
         <file>libsysbm.a</file>
         <name>hostlseek.c.obj</name>
      </input_file>
      <input_file id="fl-b9">
         <path>C:\ti\ccs1260\ccs\tools\compiler\ti-cgt-armllvm_3.2.1.LTS\lib\armv6m-ti-none-eabi\c\</path>
         <kind>archive</kind>
         <file>libsysbm.a</file>
         <name>hostopen.c.obj</name>
      </input_file>
      <input_file id="fl-ba">
         <path>C:\ti\ccs1260\ccs\tools\compiler\ti-cgt-armllvm_3.2.1.LTS\lib\armv6m-ti-none-eabi\c\</path>
         <kind>archive</kind>
         <file>libsysbm.a</file>
         <name>hostread.c.obj</name>
      </input_file>
      <input_file id="fl-bb">
         <path>C:\ti\ccs1260\ccs\tools\compiler\ti-cgt-armllvm_3.2.1.LTS\lib\armv6m-ti-none-eabi\c\</path>
         <kind>archive</kind>
         <file>libsysbm.a</file>
         <name>hostrename.c.obj</name>
      </input_file>
      <input_file id="fl-bc">
         <path>C:\ti\ccs1260\ccs\tools\compiler\ti-cgt-armllvm_3.2.1.LTS\lib\armv6m-ti-none-eabi\c\</path>
         <kind>archive</kind>
         <file>libsysbm.a</file>
         <name>hostunlink.c.obj</name>
      </input_file>
      <input_file id="fl-bd">
         <path>C:\ti\ccs1260\ccs\tools\compiler\ti-cgt-armllvm_3.2.1.LTS\lib\armv6m-ti-none-eabi\c\</path>
         <kind>archive</kind>
         <file>libsysbm.a</file>
         <name>hostwrite.c.obj</name>
      </input_file>
      <input_file id="fl-be">
         <path>C:\ti\ccs1260\ccs\tools\compiler\ti-cgt-armllvm_3.2.1.LTS\lib\armv6m-ti-none-eabi\c\</path>
         <kind>archive</kind>
         <file>libsysbm.a</file>
         <name>trgmsg.c.obj</name>
      </input_file>
      <input_file id="fl-bf">
         <path>C:\ti\ccs1260\ccs\tools\compiler\ti-cgt-armllvm_3.2.1.LTS\lib\clang\15.0.7\lib\armv6m-ti-none-eabi\</path>
         <kind>archive</kind>
         <file>libclang_rt.builtins.a</file>
         <name>adddf3.S.obj</name>
      </input_file>
      <input_file id="fl-c0">
         <path>C:\ti\ccs1260\ccs\tools\compiler\ti-cgt-armllvm_3.2.1.LTS\lib\clang\15.0.7\lib\armv6m-ti-none-eabi\</path>
         <kind>archive</kind>
         <file>libclang_rt.builtins.a</file>
         <name>muldf3.S.obj</name>
      </input_file>
      <input_file id="fl-c1">
         <path>C:\ti\ccs1260\ccs\tools\compiler\ti-cgt-armllvm_3.2.1.LTS\lib\clang\15.0.7\lib\armv6m-ti-none-eabi\</path>
         <kind>archive</kind>
         <file>libclang_rt.builtins.a</file>
         <name>muldsi3.S.obj</name>
      </input_file>
      <input_file id="fl-c2">
         <path>C:\ti\ccs1260\ccs\tools\compiler\ti-cgt-armllvm_3.2.1.LTS\lib\clang\15.0.7\lib\armv6m-ti-none-eabi\</path>
         <kind>archive</kind>
         <file>libclang_rt.builtins.a</file>
         <name>divdf3.S.obj</name>
      </input_file>
      <input_file id="fl-c3">
         <path>C:\ti\ccs1260\ccs\tools\compiler\ti-cgt-armllvm_3.2.1.LTS\lib\clang\15.0.7\lib\armv6m-ti-none-eabi\</path>
         <kind>archive</kind>
         <file>libclang_rt.builtins.a</file>
         <name>fixdfsi.S.obj</name>
      </input_file>
      <input_file id="fl-c4">
         <path>C:\ti\ccs1260\ccs\tools\compiler\ti-cgt-armllvm_3.2.1.LTS\lib\clang\15.0.7\lib\armv6m-ti-none-eabi\</path>
         <kind>archive</kind>
         <file>libclang_rt.builtins.a</file>
         <name>floatsidf.S.obj</name>
      </input_file>
      <input_file id="fl-c5">
         <path>C:\ti\ccs1260\ccs\tools\compiler\ti-cgt-armllvm_3.2.1.LTS\lib\clang\15.0.7\lib\armv6m-ti-none-eabi\</path>
         <kind>archive</kind>
         <file>libclang_rt.builtins.a</file>
         <name>floatunsidf.S.obj</name>
      </input_file>
      <input_file id="fl-c6">
         <path>C:\ti\ccs1260\ccs\tools\compiler\ti-cgt-armllvm_3.2.1.LTS\lib\clang\15.0.7\lib\armv6m-ti-none-eabi\</path>
         <kind>archive</kind>
         <file>libclang_rt.builtins.a</file>
         <name>muldi3.S.obj</name>
      </input_file>
      <input_file id="fl-c7">
         <path>C:\ti\ccs1260\ccs\tools\compiler\ti-cgt-armllvm_3.2.1.LTS\lib\clang\15.0.7\lib\armv6m-ti-none-eabi\</path>
         <kind>archive</kind>
         <file>libclang_rt.builtins.a</file>
         <name>truncdfsf2.S.obj</name>
      </input_file>
      <input_file id="fl-c8">
         <path>C:\ti\ccs1260\ccs\tools\compiler\ti-cgt-armllvm_3.2.1.LTS\lib\clang\15.0.7\lib\armv6m-ti-none-eabi\</path>
         <kind>archive</kind>
         <file>libclang_rt.builtins.a</file>
         <name>aeabi_dcmp.S.obj</name>
      </input_file>
      <input_file id="fl-c9">
         <path>C:\ti\ccs1260\ccs\tools\compiler\ti-cgt-armllvm_3.2.1.LTS\lib\clang\15.0.7\lib\armv6m-ti-none-eabi\</path>
         <kind>archive</kind>
         <file>libclang_rt.builtins.a</file>
         <name>aeabi_idivmod.S.obj</name>
      </input_file>
      <input_file id="fl-ca">
         <path>C:\ti\ccs1260\ccs\tools\compiler\ti-cgt-armllvm_3.2.1.LTS\lib\clang\15.0.7\lib\armv6m-ti-none-eabi\</path>
         <kind>archive</kind>
         <file>libclang_rt.builtins.a</file>
         <name>aeabi_memcpy.S.obj</name>
      </input_file>
      <input_file id="fl-cb">
         <path>C:\ti\ccs1260\ccs\tools\compiler\ti-cgt-armllvm_3.2.1.LTS\lib\clang\15.0.7\lib\armv6m-ti-none-eabi\</path>
         <kind>archive</kind>
         <file>libclang_rt.builtins.a</file>
         <name>aeabi_memset.S.obj</name>
      </input_file>
      <input_file id="fl-cc">
         <path>C:\ti\ccs1260\ccs\tools\compiler\ti-cgt-armllvm_3.2.1.LTS\lib\clang\15.0.7\lib\armv6m-ti-none-eabi\</path>
         <kind>archive</kind>
         <file>libclang_rt.builtins.a</file>
         <name>aeabi_uidivmod.S.obj</name>
      </input_file>
      <input_file id="fl-cd">
         <path>C:\ti\ccs1260\ccs\tools\compiler\ti-cgt-armllvm_3.2.1.LTS\lib\clang\15.0.7\lib\armv6m-ti-none-eabi\</path>
         <kind>archive</kind>
         <file>libclang_rt.builtins.a</file>
         <name>aeabi_uldivmod.S.obj</name>
      </input_file>
      <input_file id="fl-ce">
         <path>C:\ti\ccs1260\ccs\tools\compiler\ti-cgt-armllvm_3.2.1.LTS\lib\clang\15.0.7\lib\armv6m-ti-none-eabi\</path>
         <kind>archive</kind>
         <file>libclang_rt.builtins.a</file>
         <name>udivmoddi4.S.obj</name>
      </input_file>
      <input_file id="fl-cf">
         <path>C:\ti\ccs1260\ccs\tools\compiler\ti-cgt-armllvm_3.2.1.LTS\lib\clang\15.0.7\lib\armv6m-ti-none-eabi\</path>
         <kind>archive</kind>
         <file>libclang_rt.builtins.a</file>
         <name>ashldi3.S.obj</name>
      </input_file>
      <input_file id="fl-d0">
         <path>C:\ti\ccs1260\ccs\tools\compiler\ti-cgt-armllvm_3.2.1.LTS\lib\clang\15.0.7\lib\armv6m-ti-none-eabi\</path>
         <kind>archive</kind>
         <file>libclang_rt.builtins.a</file>
         <name>comparedf2.c.obj</name>
      </input_file>
      <input_file id="fl-d1">
         <path>C:\ti\ccs1260\ccs\tools\compiler\ti-cgt-armllvm_3.2.1.LTS\lib\clang\15.0.7\lib\armv6m-ti-none-eabi\</path>
         <kind>archive</kind>
         <file>libclang_rt.builtins.a</file>
         <name>aeabi_div0.c.obj</name>
      </input_file>
      <input_file id="fl-d2">
         <path>C:\ti\ccs1260\ccs\tools\compiler\ti-cgt-armllvm_3.2.1.LTS\lib\armv6m-ti-none-eabi\c\</path>
         <kind>archive</kind>
         <file>libc.a</file>
         <name>getdevice.c.obj</name>
      </input_file>
      <input_file id="fl-d3">
         <path>C:\ti\ccs1260\ccs\tools\compiler\ti-cgt-armllvm_3.2.1.LTS\lib\armv6m-ti-none-eabi\c\</path>
         <kind>archive</kind>
         <file>libc.a</file>
         <name>memcpy16.S.obj</name>
      </input_file>
      <input_file id="fl-d4">
         <path>C:\ti\ccs1260\ccs\tools\compiler\ti-cgt-armllvm_3.2.1.LTS\lib\armv6m-ti-none-eabi\c\</path>
         <kind>archive</kind>
         <file>libc.a</file>
         <name>memset16.S.obj</name>
      </input_file>
   </input_file_list>
   <object_component_list>
      <object_component id="oc-18">
         <name>.intvecs</name>
         <load_address>0x0</load_address>
         <readonly>true</readonly>
         <run_address>0x0</run_address>
         <size>0xc0</size>
         <alignment>0x4</alignment>
         <input_file_ref idref="fl-f"/>
      </object_component>
      <object_component id="oc-ef">
         <name>.text.Clock_Init80MHz</name>
         <load_address>0x8ab0</load_address>
         <readonly>true</readonly>
         <executable>true</executable>
         <run_address>0x8ab0</run_address>
         <size>0x1b4</size>
         <alignment>0x4</alignment>
         <input_file_ref idref="fl-2"/>
      </object_component>
      <object_component id="oc-1c3">
         <name>.text.ST7735_DrawCharS</name>
         <load_address>0x8c64</load_address>
         <readonly>true</readonly>
         <executable>true</executable>
         <run_address>0x8c64</run_address>
         <size>0x1a0</size>
         <alignment>0x4</alignment>
         <input_file_ref idref="fl-8"/>
      </object_component>
      <object_component id="oc-159">
         <name>.text._openfile</name>
         <load_address>0x8e04</load_address>
         <readonly>true</readonly>
         <executable>true</executable>
         <run_address>0x8e04</run_address>
         <size>0x160</size>
         <alignment>0x4</alignment>
         <input_file_ref idref="fl-2a"/>
      </object_component>
      <object_component id="oc-1c1">
         <name>.text.aligned_alloc</name>
         <load_address>0x8f64</load_address>
         <readonly>true</readonly>
         <executable>true</executable>
         <run_address>0x8f64</run_address>
         <size>0x12c</size>
         <alignment>0x4</alignment>
         <input_file_ref idref="fl-31"/>
      </object_component>
      <object_component id="oc-123">
         <name>.text.ADC_Init</name>
         <load_address>0x9090</load_address>
         <readonly>true</readonly>
         <executable>true</executable>
         <run_address>0x9090</run_address>
         <size>0x128</size>
         <alignment>0x4</alignment>
         <input_file_ref idref="fl-c"/>
      </object_component>
      <object_component id="oc-115">
         <name>.text.ST7735_FillRect</name>
         <load_address>0x91b8</load_address>
         <readonly>true</readonly>
         <executable>true</executable>
         <run_address>0x91b8</run_address>
         <size>0x118</size>
         <alignment>0x4</alignment>
         <input_file_ref idref="fl-8"/>
      </object_component>
      <object_component id="oc-17f">
         <name>.text.SPI_Init</name>
         <load_address>0x92d0</load_address>
         <readonly>true</readonly>
         <executable>true</executable>
         <run_address>0x92d0</run_address>
         <size>0xf8</size>
         <alignment>0x4</alignment>
         <input_file_ref idref="fl-7"/>
      </object_component>
      <object_component id="oc-f7">
         <name>.text.add_device</name>
         <load_address>0x93c8</load_address>
         <readonly>true</readonly>
         <executable>true</executable>
         <run_address>0x93c8</run_address>
         <size>0xec</size>
         <alignment>0x4</alignment>
         <input_file_ref idref="fl-b5"/>
      </object_component>
      <object_component id="oc-162">
         <name>.text.free</name>
         <load_address>0x94b4</load_address>
         <readonly>true</readonly>
         <executable>true</executable>
         <run_address>0x94b4</run_address>
         <size>0xec</size>
         <alignment>0x4</alignment>
         <input_file_ref idref="fl-31"/>
      </object_component>
      <object_component id="oc-125">
         <name>.text.UART_Init</name>
         <load_address>0x95a0</load_address>
         <readonly>true</readonly>
         <executable>true</executable>
         <run_address>0x95a0</run_address>
         <size>0xe8</size>
         <alignment>0x4</alignment>
         <input_file_ref idref="fl-c"/>
      </object_component>
      <object_component id="oc-102">
         <name>.text.setvbuf</name>
         <load_address>0x9688</load_address>
         <readonly>true</readonly>
         <executable>true</executable>
         <run_address>0x9688</run_address>
         <size>0xdc</size>
         <alignment>0x4</alignment>
         <input_file_ref idref="fl-2b"/>
      </object_component>
      <object_component id="oc-46">
         <name>.text.TIMG12_IRQHandler</name>
         <load_address>0x9764</load_address>
         <readonly>true</readonly>
         <executable>true</executable>
         <run_address>0x9764</run_address>
         <size>0xd8</size>
         <alignment>0x4</alignment>
         <input_file_ref idref="fl-5"/>
      </object_component>
      <object_component id="oc-169">
         <name>.text.ST7735_OutChar</name>
         <load_address>0x983c</load_address>
         <readonly>true</readonly>
         <executable>true</executable>
         <run_address>0x983c</run_address>
         <size>0xd0</size>
         <alignment>0x4</alignment>
         <input_file_ref idref="fl-8"/>
      </object_component>
      <object_component id="oc-aa">
         <name>.text.Clock_Init</name>
         <load_address>0x990c</load_address>
         <readonly>true</readonly>
         <executable>true</executable>
         <run_address>0x990c</run_address>
         <size>0xb8</size>
         <alignment>0x4</alignment>
         <input_file_ref idref="fl-2"/>
      </object_component>
      <object_component id="oc-c5">
         <name>.text.DAC_Init</name>
         <load_address>0x99c4</load_address>
         <readonly>true</readonly>
         <executable>true</executable>
         <run_address>0x99c4</run_address>
         <size>0xa8</size>
         <alignment>0x4</alignment>
         <input_file_ref idref="fl-5"/>
      </object_component>
      <object_component id="oc-cd">
         <name>.text.TimerA0_IntArm</name>
         <load_address>0x9a6c</load_address>
         <readonly>true</readonly>
         <executable>true</executable>
         <run_address>0x9a6c</run_address>
         <size>0xa8</size>
         <alignment>0x4</alignment>
         <input_file_ref idref="fl-d"/>
      </object_component>
      <object_component id="oc-12b">
         <name>.text.TimerG7_IntArm</name>
         <load_address>0x9b14</load_address>
         <readonly>true</readonly>
         <executable>true</executable>
         <run_address>0x9b14</run_address>
         <size>0xa8</size>
         <alignment>0x4</alignment>
         <input_file_ref idref="fl-d"/>
      </object_component>
      <object_component id="oc-1a9">
         <name>.text.open</name>
         <load_address>0x9bbc</load_address>
         <readonly>true</readonly>
         <executable>true</executable>
         <run_address>0x9bbc</run_address>
         <size>0xa8</size>
         <alignment>0x4</alignment>
         <input_file_ref idref="fl-b2"/>
      </object_component>
      <object_component id="oc-13c">
         <name>.text.commandList</name>
         <load_address>0x9c64</load_address>
         <readonly>true</readonly>
         <executable>true</executable>
         <run_address>0x9c64</run_address>
         <size>0xa2</size>
         <alignment>0x2</alignment>
         <input_file_ref idref="fl-8"/>
      </object_component>
      <object_component id="oc-c0">
         <name>.text.LED_Init</name>
         <load_address>0x9d06</load_address>
         <readonly>true</readonly>
         <executable>true</executable>
         <run_address>0x9d06</run_address>
         <size>0x2</size>
         <alignment>0x2</alignment>
         <input_file_ref idref="fl-4"/>
      </object_component>
      <object_component id="oc-b4">
         <name>.text.ST7735_InitPrintf</name>
         <load_address>0x9d08</load_address>
         <readonly>true</readonly>
         <executable>true</executable>
         <run_address>0x9d08</run_address>
         <size>0x9c</size>
         <alignment>0x4</alignment>
         <input_file_ref idref="fl-8"/>
      </object_component>
      <object_component id="oc-f6">
         <name>.text.ST7735_InitR</name>
         <load_address>0x9da4</load_address>
         <readonly>true</readonly>
         <executable>true</executable>
         <run_address>0x9da4</run_address>
         <size>0x98</size>
         <alignment>0x4</alignment>
         <input_file_ref idref="fl-8"/>
      </object_component>
      <object_component id="oc-3c">
         <name>.text.TIMA0_IRQHandler</name>
         <load_address>0x9e3c</load_address>
         <readonly>true</readonly>
         <executable>true</executable>
         <run_address>0x9e3c</run_address>
         <size>0x94</size>
         <alignment>0x4</alignment>
         <input_file_ref idref="fl-5"/>
      </object_component>
      <object_component id="oc-c8">
         <name>.text.TimerG12_IntArm</name>
         <load_address>0x9ed0</load_address>
         <readonly>true</readonly>
         <executable>true</executable>
         <run_address>0x9ed0</run_address>
         <size>0x94</size>
         <alignment>0x4</alignment>
         <input_file_ref idref="fl-d"/>
      </object_component>
      <object_component id="oc-16d">
         <name>.text.setAddrWindow</name>
         <load_address>0x9f64</load_address>
         <readonly>true</readonly>
         <executable>true</executable>
         <run_address>0x9f64</run_address>
         <size>0x88</size>
         <alignment>0x4</alignment>
         <input_file_ref idref="fl-8"/>
      </object_component>
      <object_component id="oc-1c2">
         <name>.text.ST7735_DrawString</name>
         <load_address>0x9fec</load_address>
         <readonly>true</readonly>
         <executable>true</executable>
         <run_address>0x9fec</run_address>
         <size>0x84</size>
         <alignment>0x2</alignment>
         <input_file_ref idref="fl-8"/>
      </object_component>
      <object_component id="oc-af">
         <name>.text.LaunchPad_Init</name>
         <load_address>0xa070</load_address>
         <readonly>true</readonly>
         <executable>true</executable>
         <run_address>0xa070</run_address>
         <size>0x7c</size>
         <alignment>0x4</alignment>
         <input_file_ref idref="fl-6"/>
      </object_component>
      <object_component id="oc-15c">
         <name>.text.__TI_closefile</name>
         <load_address>0xa0ec</load_address>
         <readonly>true</readonly>
         <executable>true</executable>
         <run_address>0xa0ec</run_address>
         <size>0x7c</size>
         <alignment>0x4</alignment>
         <input_file_ref idref="fl-39"/>
      </object_component>
      <object_component id="oc-ba">
         <name>.text.ADCinit</name>
         <load_address>0xa168</load_address>
         <readonly>true</readonly>
         <executable>true</executable>
         <run_address>0xa168</run_address>
         <size>0x78</size>
         <alignment>0x4</alignment>
         <input_file_ref idref="fl-1"/>
      </object_component>
      <object_component id="oc-1c">
         <name>.text:decompress:lzss</name>
         <load_address>0xa1e0</load_address>
         <readonly>true</readonly>
         <executable>true</executable>
         <run_address>0xa1e0</run_address>
         <size>0x78</size>
         <alignment>0x4</alignment>
         <input_file_ref idref="fl-35"/>
      </object_component>
      <object_component id="oc-92">
         <name>.text.main</name>
         <load_address>0xa258</load_address>
         <readonly>true</readonly>
         <executable>true</executable>
         <run_address>0xa258</run_address>
         <size>0x74</size>
         <alignment>0x4</alignment>
         <input_file_ref idref="fl-5"/>
      </object_component>
      <object_component id="oc-200">
         <name>.text.ST7735_DrawPixel</name>
         <load_address>0xa2cc</load_address>
         <readonly>true</readonly>
         <executable>true</executable>
         <run_address>0xa2cc</run_address>
         <size>0x70</size>
         <alignment>0x4</alignment>
         <input_file_ref idref="fl-8"/>
      </object_component>
      <object_component id="oc-197">
         <name>.text.HOSTlseek</name>
         <load_address>0xa33c</load_address>
         <readonly>true</readonly>
         <executable>true</executable>
         <run_address>0xa33c</run_address>
         <size>0x6c</size>
         <alignment>0x4</alignment>
         <input_file_ref idref="fl-b8"/>
      </object_component>
      <object_component id="oc-19f">
         <name>.text.HOSTrename</name>
         <load_address>0xa3a8</load_address>
         <readonly>true</readonly>
         <executable>true</executable>
         <run_address>0xa3a8</run_address>
         <size>0x6c</size>
         <alignment>0x4</alignment>
         <input_file_ref idref="fl-bb"/>
      </object_component>
      <object_component id="oc-1e7">
         <name>.text.getdevice</name>
         <load_address>0xa414</load_address>
         <readonly>true</readonly>
         <executable>true</executable>
         <run_address>0xa414</run_address>
         <size>0x68</size>
         <alignment>0x4</alignment>
         <input_file_ref idref="fl-d2"/>
      </object_component>
      <object_component id="oc-1fe">
         <name>.text.split</name>
         <load_address>0xa47c</load_address>
         <readonly>true</readonly>
         <executable>true</executable>
         <run_address>0xa47c</run_address>
         <size>0x64</size>
         <alignment>0x4</alignment>
         <input_file_ref idref="fl-31"/>
      </object_component>
      <object_component id="oc-187">
         <name>.text.HOSTopen</name>
         <load_address>0xa4e0</load_address>
         <readonly>true</readonly>
         <executable>true</executable>
         <run_address>0xa4e0</run_address>
         <size>0x60</size>
         <alignment>0x4</alignment>
         <input_file_ref idref="fl-b9"/>
      </object_component>
      <object_component id="oc-18f">
         <name>.text.HOSTread</name>
         <load_address>0xa540</load_address>
         <readonly>true</readonly>
         <executable>true</executable>
         <run_address>0xa540</run_address>
         <size>0x58</size>
         <alignment>0x4</alignment>
         <input_file_ref idref="fl-ba"/>
      </object_component>
      <object_component id="oc-193">
         <name>.text.HOSTwrite</name>
         <load_address>0xa598</load_address>
         <readonly>true</readonly>
         <executable>true</executable>
         <run_address>0xa598</run_address>
         <size>0x58</size>
         <alignment>0x4</alignment>
         <input_file_ref idref="fl-bd"/>
      </object_component>
      <object_component id="oc-c7">
         <name>.text.TExaS_Init</name>
         <load_address>0xa5f0</load_address>
         <readonly>true</readonly>
         <executable>true</executable>
         <run_address>0xa5f0</run_address>
         <size>0x58</size>
         <alignment>0x4</alignment>
         <input_file_ref idref="fl-c"/>
      </object_component>
      <object_component id="oc-1ad">
         <name>.text.__TI_doflush</name>
         <load_address>0xa648</load_address>
         <readonly>true</readonly>
         <executable>true</executable>
         <run_address>0xa648</run_address>
         <size>0x52</size>
         <alignment>0x2</alignment>
         <input_file_ref idref="fl-3a"/>
      </object_component>
      <object_component id="oc-37">
         <name>.text.SysTick_Handler</name>
         <load_address>0xa69a</load_address>
         <readonly>true</readonly>
         <executable>true</executable>
         <run_address>0xa69a</run_address>
         <size>0x2</size>
         <alignment>0x2</alignment>
         <input_file_ref idref="fl-a"/>
      </object_component>
      <object_component id="oc-1b3">
         <name>.text.close</name>
         <load_address>0xa69c</load_address>
         <readonly>true</readonly>
         <executable>true</executable>
         <run_address>0xa69c</run_address>
         <size>0x50</size>
         <alignment>0x4</alignment>
         <input_file_ref idref="fl-b4"/>
      </object_component>
      <object_component id="oc-18b">
         <name>.text.HOSTclose</name>
         <load_address>0xa6ec</load_address>
         <readonly>true</readonly>
         <executable>true</executable>
         <run_address>0xa6ec</run_address>
         <size>0x48</size>
         <alignment>0x4</alignment>
         <input_file_ref idref="fl-b7"/>
      </object_component>
      <object_component id="oc-19b">
         <name>.text.HOSTunlink</name>
         <load_address>0xa734</load_address>
         <readonly>true</readonly>
         <executable>true</executable>
         <run_address>0xa734</run_address>
         <size>0x48</size>
         <alignment>0x4</alignment>
         <input_file_ref idref="fl-bc"/>
      </object_component>
      <object_component id="oc-13d">
         <name>.text.SPI_OutCommand</name>
         <load_address>0xa77c</load_address>
         <readonly>true</readonly>
         <executable>true</executable>
         <run_address>0xa77c</run_address>
         <size>0x48</size>
         <alignment>0x4</alignment>
         <input_file_ref idref="fl-7"/>
      </object_component>
      <object_component id="oc-11d">
         <name>.text.SysTick_IntArm</name>
         <load_address>0xa7c4</load_address>
         <readonly>true</readonly>
         <executable>true</executable>
         <run_address>0xa7c4</run_address>
         <size>0x48</size>
         <alignment>0x4</alignment>
         <input_file_ref idref="fl-a"/>
      </object_component>
      <object_component id="oc-1c8">
         <name>.text.SPI_Reset</name>
         <load_address>0xa80c</load_address>
         <readonly>true</readonly>
         <executable>true</executable>
         <run_address>0xa80c</run_address>
         <size>0x40</size>
         <alignment>0x4</alignment>
         <input_file_ref idref="fl-7"/>
      </object_component>
      <object_component id="oc-41">
         <name>.text.TIMG7_IRQHandler</name>
         <load_address>0xa84c</load_address>
         <readonly>true</readonly>
         <executable>true</executable>
         <run_address>0xa84c</run_address>
         <size>0x40</size>
         <alignment>0x4</alignment>
         <input_file_ref idref="fl-c"/>
      </object_component>
      <object_component id="oc-127">
         <name>.text.__aeabi_uidivmod</name>
         <load_address>0xa88c</load_address>
         <readonly>true</readonly>
         <executable>true</executable>
         <run_address>0xa88c</run_address>
         <size>0x40</size>
         <alignment>0x4</alignment>
         <input_file_ref idref="fl-cc"/>
      </object_component>
      <object_component id="oc-158">
         <name>.text._search_fp</name>
         <load_address>0xa8cc</load_address>
         <readonly>true</readonly>
         <executable>true</executable>
         <run_address>0xa8cc</run_address>
         <size>0x40</size>
         <alignment>0x4</alignment>
         <input_file_ref idref="fl-2a"/>
      </object_component>
      <object_component id="oc-11e">
         <name>.text.DAC5_Init</name>
         <load_address>0xa90c</load_address>
         <readonly>true</readonly>
         <executable>true</executable>
         <run_address>0xa90c</run_address>
         <size>0x3c</size>
         <alignment>0x4</alignment>
         <input_file_ref idref="fl-3"/>
      </object_component>
      <object_component id="oc-d6">
         <name>.text:__TI_auto_init_nobinit_nopinit</name>
         <load_address>0xa948</load_address>
         <readonly>true</readonly>
         <executable>true</executable>
         <run_address>0xa948</run_address>
         <size>0x3c</size>
         <alignment>0x4</alignment>
         <input_file_ref idref="fl-3e"/>
      </object_component>
      <object_component id="oc-f3">
         <name>.text.ActivatePortA_B</name>
         <load_address>0xa984</load_address>
         <readonly>true</readonly>
         <executable>true</executable>
         <run_address>0xa984</run_address>
         <size>0x38</size>
         <alignment>0x4</alignment>
         <input_file_ref idref="fl-6"/>
      </object_component>
      <object_component id="oc-142">
         <name>.text.SPI_OutData</name>
         <load_address>0xa9bc</load_address>
         <readonly>true</readonly>
         <executable>true</executable>
         <run_address>0xa9bc</run_address>
         <size>0x38</size>
         <alignment>0x4</alignment>
         <input_file_ref idref="fl-7"/>
      </object_component>
      <object_component id="oc-14c">
         <name>.text.finddevice</name>
         <load_address>0xa9f4</load_address>
         <readonly>true</readonly>
         <executable>true</executable>
         <run_address>0xa9f4</run_address>
         <size>0x38</size>
         <alignment>0x4</alignment>
         <input_file_ref idref="fl-d2"/>
      </object_component>
      <object_component id="oc-180">
         <name>.text.Clock_Delay1ms</name>
         <load_address>0xaa2c</load_address>
         <readonly>true</readonly>
         <executable>true</executable>
         <run_address>0xaa2c</run_address>
         <size>0x34</size>
         <alignment>0x4</alignment>
         <input_file_ref idref="fl-2"/>
      </object_component>
      <object_component id="oc-143">
         <name>.text.ST7735_SetCursor</name>
         <load_address>0xaa60</load_address>
         <readonly>true</readonly>
         <executable>true</executable>
         <run_address>0xaa60</run_address>
         <size>0x34</size>
         <alignment>0x4</alignment>
         <input_file_ref idref="fl-8"/>
      </object_component>
      <object_component id="oc-109">
         <name>.text.ST7735_write</name>
         <load_address>0xaa94</load_address>
         <readonly>true</readonly>
         <executable>true</executable>
         <run_address>0xaa94</run_address>
         <size>0x34</size>
         <alignment>0x2</alignment>
         <input_file_ref idref="fl-8"/>
      </object_component>
      <object_component id="oc-165">
         <name>.text.__TI_cleanup</name>
         <load_address>0xaac8</load_address>
         <readonly>true</readonly>
         <executable>true</executable>
         <run_address>0xaac8</run_address>
         <size>0x34</size>
         <alignment>0x4</alignment>
         <input_file_ref idref="fl-2a"/>
      </object_component>
      <object_component id="oc-1cf">
         <name>.text.__TI_readmsg</name>
         <load_address>0xaafc</load_address>
         <readonly>true</readonly>
         <executable>true</executable>
         <run_address>0xaafc</run_address>
         <size>0x34</size>
         <alignment>0x4</alignment>
         <input_file_ref idref="fl-be"/>
      </object_component>
      <object_component id="oc-1c9">
         <name>.text.__TI_writemsg</name>
         <load_address>0xab30</load_address>
         <readonly>true</readonly>
         <executable>true</executable>
         <run_address>0xab30</run_address>
         <size>0x34</size>
         <alignment>0x4</alignment>
         <input_file_ref idref="fl-be"/>
      </object_component>
      <object_component id="oc-d4">
         <name>.text.exit</name>
         <load_address>0xab64</load_address>
         <readonly>true</readonly>
         <executable>true</executable>
         <run_address>0xab64</run_address>
         <size>0x34</size>
         <alignment>0x4</alignment>
         <input_file_ref idref="fl-2d"/>
      </object_component>
      <object_component id="oc-101">
         <name>.text.freopen</name>
         <load_address>0xab98</load_address>
         <readonly>true</readonly>
         <executable>true</executable>
         <run_address>0xab98</run_address>
         <size>0x34</size>
         <alignment>0x4</alignment>
         <input_file_ref idref="fl-2a"/>
      </object_component>
      <object_component id="oc-13b">
         <name>.text.commonInit</name>
         <load_address>0xabcc</load_address>
         <readonly>true</readonly>
         <executable>true</executable>
         <run_address>0xabcc</run_address>
         <size>0x30</size>
         <alignment>0x4</alignment>
         <input_file_ref idref="fl-8"/>
      </object_component>
      <object_component id="oc-fb">
         <name>.text.fopen</name>
         <load_address>0xabfc</load_address>
         <readonly>true</readonly>
         <executable>true</executable>
         <run_address>0xabfc</run_address>
         <size>0x30</size>
         <alignment>0x4</alignment>
         <input_file_ref idref="fl-2a"/>
      </object_component>
      <object_component id="oc-b9">
         <name>.text.ST7735_FillScreen</name>
         <load_address>0xac2c</load_address>
         <readonly>true</readonly>
         <executable>true</executable>
         <run_address>0xac2c</run_address>
         <size>0x2c</size>
         <alignment>0x4</alignment>
         <input_file_ref idref="fl-8"/>
      </object_component>
      <object_component id="oc-1f6">
         <name>.text.unlink</name>
         <load_address>0xac58</load_address>
         <readonly>true</readonly>
         <executable>true</executable>
         <run_address>0xac58</run_address>
         <size>0x2c</size>
         <alignment>0x4</alignment>
         <input_file_ref idref="fl-b6"/>
      </object_component>
      <object_component id="oc-124">
         <name>.text.ADC_Start</name>
         <load_address>0xac84</load_address>
         <readonly>true</readonly>
         <executable>true</executable>
         <run_address>0xac84</run_address>
         <size>0x28</size>
         <alignment>0x4</alignment>
         <input_file_ref idref="fl-c"/>
      </object_component>
      <object_component id="oc-1c0">
         <name>.text.free_list_insert</name>
         <load_address>0xacac</load_address>
         <readonly>true</readonly>
         <executable>true</executable>
         <run_address>0xacac</run_address>
         <size>0x28</size>
         <alignment>0x4</alignment>
         <input_file_ref idref="fl-31"/>
      </object_component>
      <object_component id="oc-1ed">
         <name>.text.write</name>
         <load_address>0xacd4</load_address>
         <readonly>true</readonly>
         <executable>true</executable>
         <run_address>0xacd4</run_address>
         <size>0x28</size>
         <alignment>0x4</alignment>
         <input_file_ref idref="fl-af"/>
      </object_component>
      <object_component id="oc-62">
         <name>.text:_c_int00_noargs</name>
         <load_address>0xacfc</load_address>
         <readonly>true</readonly>
         <executable>true</executable>
         <run_address>0xacfc</run_address>
         <size>0x28</size>
         <alignment>0x4</alignment>
         <input_file_ref idref="fl-36"/>
      </object_component>
      <object_component id="oc-bf">
         <name>.text.Switch_Init</name>
         <load_address>0xad24</load_address>
         <readonly>true</readonly>
         <executable>true</executable>
         <run_address>0xad24</run_address>
         <size>0x20</size>
         <alignment>0x4</alignment>
         <input_file_ref idref="fl-b"/>
      </object_component>
      <object_component id="oc-20b">
         <name>.text.pushColor</name>
         <load_address>0xad44</load_address>
         <readonly>true</readonly>
         <executable>true</executable>
         <run_address>0xad44</run_address>
         <size>0x1e</size>
         <alignment>0x2</alignment>
         <input_file_ref idref="fl-8"/>
      </object_component>
      <object_component id="oc-170">
         <name>.text.__aeabi_idiv0</name>
         <load_address>0xad62</load_address>
         <readonly>true</readonly>
         <executable>true</executable>
         <run_address>0xad62</run_address>
         <size>0x2</size>
         <alignment>0x2</alignment>
         <input_file_ref idref="fl-d1"/>
      </object_component>
      <object_component id="oc-7d">
         <name>.text.Switch_In</name>
         <load_address>0xad64</load_address>
         <readonly>true</readonly>
         <executable>true</executable>
         <run_address>0xad64</run_address>
         <size>0x1c</size>
         <alignment>0x4</alignment>
         <input_file_ref idref="fl-b"/>
      </object_component>
      <object_component id="oc-1be">
         <name>.text.free_list_remove</name>
         <load_address>0xad80</load_address>
         <readonly>true</readonly>
         <executable>true</executable>
         <run_address>0xad80</run_address>
         <size>0x1c</size>
         <alignment>0x4</alignment>
         <input_file_ref idref="fl-31"/>
      </object_component>
      <object_component id="oc-82">
         <name>.text.Sound_Begin</name>
         <load_address>0xad9c</load_address>
         <readonly>true</readonly>
         <executable>true</executable>
         <run_address>0xad9c</run_address>
         <size>0x18</size>
         <alignment>0x4</alignment>
         <input_file_ref idref="fl-5"/>
      </object_component>
      <object_component id="oc-10c">
         <name>.text.ST7735_open</name>
         <load_address>0xadb4</load_address>
         <readonly>true</readonly>
         <executable>true</executable>
         <run_address>0xadb4</run_address>
         <size>0x16</size>
         <alignment>0x2</alignment>
         <input_file_ref idref="fl-8"/>
      </object_component>
      <object_component id="oc-10a">
         <name>.text.ST7735_read</name>
         <load_address>0xadca</load_address>
         <readonly>true</readonly>
         <executable>true</executable>
         <run_address>0xadca</run_address>
         <size>0x16</size>
         <alignment>0x2</alignment>
         <input_file_ref idref="fl-8"/>
      </object_component>
      <object_component id="oc-59">
         <name>.text:decompress:ZI:__TI_zero_init_nomemset</name>
         <load_address>0xade0</load_address>
         <readonly>true</readonly>
         <executable>true</executable>
         <run_address>0xade0</run_address>
         <size>0x16</size>
         <alignment>0x2</alignment>
         <input_file_ref idref="fl-33"/>
      </object_component>
      <object_component id="oc-176">
         <name>.text._nop</name>
         <load_address>0xadf6</load_address>
         <readonly>true</readonly>
         <executable>true</executable>
         <run_address>0xadf6</run_address>
         <size>0x2</size>
         <alignment>0x2</alignment>
         <input_file_ref idref="fl-2e"/>
      </object_component>
      <object_component id="oc-71">
         <name>.text.DAC_Out</name>
         <load_address>0xadf8</load_address>
         <readonly>true</readonly>
         <executable>true</executable>
         <run_address>0xadf8</run_address>
         <size>0x14</size>
         <alignment>0x4</alignment>
         <input_file_ref idref="fl-5"/>
      </object_component>
      <object_component id="oc-c6">
         <name>.text.Sound_Init</name>
         <load_address>0xae0c</load_address>
         <readonly>true</readonly>
         <executable>true</executable>
         <run_address>0xae0c</run_address>
         <size>0x14</size>
         <alignment>0x4</alignment>
         <input_file_ref idref="fl-a"/>
      </object_component>
      <object_component id="oc-1e3">
         <name>.text.strcpy</name>
         <load_address>0xae20</load_address>
         <readonly>true</readonly>
         <executable>true</executable>
         <run_address>0xae20</run_address>
         <size>0x12</size>
         <alignment>0x2</alignment>
         <input_file_ref idref="fl-bb"/>
      </object_component>
      <object_component id="oc-9f">
         <name>.text:TI_memcpy_small</name>
         <load_address>0xae32</load_address>
         <readonly>true</readonly>
         <executable>true</executable>
         <run_address>0xae32</run_address>
         <size>0x12</size>
         <alignment>0x1</alignment>
         <input_file_ref idref="fl-d3"/>
      </object_component>
      <object_component id="oc-20">
         <name>.text:decompress:none</name>
         <load_address>0xae44</load_address>
         <readonly>true</readonly>
         <executable>true</executable>
         <run_address>0xae44</run_address>
         <size>0x12</size>
         <alignment>0x2</alignment>
         <input_file_ref idref="fl-34"/>
      </object_component>
      <object_component id="oc-118">
         <name>.text.Clock_Delay</name>
         <load_address>0xae56</load_address>
         <readonly>true</readonly>
         <executable>true</executable>
         <run_address>0xae56</run_address>
         <size>0x10</size>
         <alignment>0x2</alignment>
         <input_file_ref idref="fl-2"/>
      </object_component>
      <object_component id="oc-70">
         <name>.text.Sound_OFF</name>
         <load_address>0xae68</load_address>
         <readonly>true</readonly>
         <executable>true</executable>
         <run_address>0xae68</run_address>
         <size>0x10</size>
         <alignment>0x4</alignment>
         <input_file_ref idref="fl-5"/>
      </object_component>
      <object_component id="oc-ce">
         <name>.text.TExaS_LaunchPadLogicPB27PB26</name>
         <load_address>0xae78</load_address>
         <readonly>true</readonly>
         <executable>true</executable>
         <run_address>0xae78</run_address>
         <size>0x10</size>
         <alignment>0x4</alignment>
         <input_file_ref idref="fl-5"/>
      </object_component>
      <object_component id="oc-1bf">
         <name>.text.OUTLINED_FUNCTION_0</name>
         <load_address>0xae88</load_address>
         <readonly>true</readonly>
         <executable>true</executable>
         <run_address>0xae88</run_address>
         <size>0xe</size>
         <alignment>0x2</alignment>
         <input_file_ref idref="fl-31"/>
      </object_component>
      <object_component id="oc-108">
         <name>.text.ST7735_lseek</name>
         <load_address>0xae96</load_address>
         <readonly>true</readonly>
         <executable>true</executable>
         <run_address>0xae96</run_address>
         <size>0xe</size>
         <alignment>0x2</alignment>
         <input_file_ref idref="fl-8"/>
      </object_component>
      <object_component id="oc-1e4">
         <name>.text.strlen</name>
         <load_address>0xaea4</load_address>
         <readonly>true</readonly>
         <executable>true</executable>
         <run_address>0xaea4</run_address>
         <size>0xe</size>
         <alignment>0x2</alignment>
         <input_file_ref idref="fl-bb"/>
      </object_component>
      <object_component id="oc-e9">
         <name>.text:TI_memset_small</name>
         <load_address>0xaeb2</load_address>
         <readonly>true</readonly>
         <executable>true</executable>
         <run_address>0xaeb2</run_address>
         <size>0xe</size>
         <alignment>0x1</alignment>
         <input_file_ref idref="fl-d4"/>
      </object_component>
      <object_component id="oc-126">
         <name>.text.Clock_Freq</name>
         <load_address>0xaec0</load_address>
         <readonly>true</readonly>
         <executable>true</executable>
         <run_address>0xaec0</run_address>
         <size>0xc</size>
         <alignment>0x4</alignment>
         <input_file_ref idref="fl-2"/>
      </object_component>
      <object_component id="oc-106">
         <name>.text.ST7735_rename</name>
         <load_address>0xaecc</load_address>
         <readonly>true</readonly>
         <executable>true</executable>
         <run_address>0xaecc</run_address>
         <size>0xc</size>
         <alignment>0x2</alignment>
         <input_file_ref idref="fl-8"/>
      </object_component>
      <object_component id="oc-89">
         <name>.text.__aeabi_memclr</name>
         <load_address>0xaed8</load_address>
         <readonly>true</readonly>
         <executable>true</executable>
         <run_address>0xaed8</run_address>
         <size>0xc</size>
         <alignment>0x4</alignment>
         <input_file_ref idref="fl-cb"/>
      </object_component>
      <object_component id="oc-164">
         <name>.text.malloc</name>
         <load_address>0xaee4</load_address>
         <readonly>true</readonly>
         <executable>true</executable>
         <run_address>0xaee4</run_address>
         <size>0xc</size>
         <alignment>0x2</alignment>
         <input_file_ref idref="fl-31"/>
      </object_component>
      <object_component id="oc-a9">
         <name>.text.PLL_Init</name>
         <load_address>0xaef0</load_address>
         <readonly>true</readonly>
         <executable>true</executable>
         <run_address>0xaef0</run_address>
         <size>0xa</size>
         <alignment>0x2</alignment>
         <input_file_ref idref="fl-5"/>
      </object_component>
      <object_component id="oc-10d">
         <name>.text.ST7735_close</name>
         <load_address>0xaefa</load_address>
         <readonly>true</readonly>
         <executable>true</executable>
         <run_address>0xaefa</run_address>
         <size>0xa</size>
         <alignment>0x2</alignment>
         <input_file_ref idref="fl-8"/>
      </object_component>
      <object_component id="oc-107">
         <name>.text.ST7735_unlink</name>
         <load_address>0xaf04</load_address>
         <readonly>true</readonly>
         <executable>true</executable>
         <run_address>0xaf04</run_address>
         <size>0xa</size>
         <alignment>0x2</alignment>
         <input_file_ref idref="fl-8"/>
      </object_component>
      <object_component id="oc-52">
         <name>.text.__aeabi_memcpy</name>
         <load_address>0xaf10</load_address>
         <readonly>true</readonly>
         <executable>true</executable>
         <run_address>0xaf10</run_address>
         <size>0x8</size>
         <alignment>0x4</alignment>
         <input_file_ref idref="fl-ca"/>
      </object_component>
      <object_component id="oc-1b7">
         <name>.text.remove</name>
         <load_address>0xaf18</load_address>
         <readonly>true</readonly>
         <executable>true</executable>
         <run_address>0xaf18</run_address>
         <size>0x8</size>
         <alignment>0x2</alignment>
         <input_file_ref idref="fl-b1"/>
      </object_component>
      <object_component id="oc-35">
         <name>.text.Default_Handler</name>
         <load_address>0xaf20</load_address>
         <readonly>true</readonly>
         <executable>true</executable>
         <run_address>0xaf20</run_address>
         <size>0x4</size>
         <alignment>0x2</alignment>
         <input_file_ref idref="fl-f"/>
      </object_component>
      <object_component id="oc-36">
         <name>.text.HardFault_Handler</name>
         <load_address>0xaf24</load_address>
         <readonly>true</readonly>
         <executable>true</executable>
         <run_address>0xaf24</run_address>
         <size>0x4</size>
         <alignment>0x2</alignment>
         <input_file_ref idref="fl-f"/>
      </object_component>
      <object_component id="oc-31">
         <name>.text.Reset_Handler</name>
         <load_address>0xaf28</load_address>
         <readonly>true</readonly>
         <executable>true</executable>
         <run_address>0xaf28</run_address>
         <size>0x4</size>
         <alignment>0x2</alignment>
         <input_file_ref idref="fl-f"/>
      </object_component>
      <object_component id="oc-8e">
         <name>.text._system_pre_init</name>
         <load_address>0xaf2c</load_address>
         <readonly>true</readonly>
         <executable>true</executable>
         <run_address>0xaf2c</run_address>
         <size>0x4</size>
         <alignment>0x2</alignment>
         <input_file_ref idref="fl-3f"/>
      </object_component>
      <object_component id="oc-cf">
         <name>.text:abort</name>
         <load_address>0xaf30</load_address>
         <readonly>true</readonly>
         <executable>true</executable>
         <run_address>0xaf30</run_address>
         <size>0x4</size>
         <alignment>0x2</alignment>
         <input_file_ref idref="fl-2d"/>
      </object_component>
      <object_component id="oc-24d">
         <name>.cinit..data.load</name>
         <load_address>0xaf38</load_address>
         <readonly>true</readonly>
         <run_address>0xaf38</run_address>
         <size>0x6d</size>
         <alignment>0x1</alignment>
      </object_component>
      <object_component id="oc-24b">
         <name>__TI_handler_table</name>
         <load_address>0xafa8</load_address>
         <readonly>true</readonly>
         <run_address>0xafa8</run_address>
         <size>0xc</size>
         <alignment>0x4</alignment>
      </object_component>
      <object_component id="oc-24e">
         <name>.cinit..bss.load</name>
         <load_address>0xafb4</load_address>
         <readonly>true</readonly>
         <run_address>0xafb4</run_address>
         <size>0x8</size>
         <alignment>0x4</alignment>
      </object_component>
      <object_component id="oc-24c">
         <name>__TI_cinit_table</name>
         <load_address>0xafbc</load_address>
         <readonly>true</readonly>
         <run_address>0xafbc</run_address>
         <size>0x10</size>
         <alignment>0x4</alignment>
      </object_component>
      <object_component id="oc-75">
         <name>.rodata.coin</name>
         <load_address>0xc0</load_address>
         <readonly>true</readonly>
         <run_address>0xc0</run_address>
         <size>0x5170</size>
         <alignment>0x2</alignment>
         <input_file_ref idref="fl-5"/>
      </object_component>
      <object_component id="oc-76">
         <name>.rodata.jump</name>
         <load_address>0x5230</load_address>
         <readonly>true</readonly>
         <run_address>0x5230</run_address>
         <size>0x32d4</size>
         <alignment>0x2</alignment>
         <input_file_ref idref="fl-5"/>
      </object_component>
      <object_component id="oc-201">
         <name>.rodata.Font</name>
         <load_address>0x8504</load_address>
         <readonly>true</readonly>
         <run_address>0x8504</run_address>
         <size>0x4fb</size>
         <alignment>0x1</alignment>
         <input_file_ref idref="fl-8"/>
      </object_component>
      <object_component id="oc-144">
         <name>.rodata.Rcmd1</name>
         <load_address>0x89ff</load_address>
         <readonly>true</readonly>
         <run_address>0x89ff</run_address>
         <size>0x3b</size>
         <alignment>0x1</alignment>
         <input_file_ref idref="fl-8"/>
      </object_component>
      <object_component id="oc-149">
         <name>.rodata.Rcmd3</name>
         <load_address>0x8a3a</load_address>
         <readonly>true</readonly>
         <run_address>0x8a3a</run_address>
         <size>0x2b</size>
         <alignment>0x1</alignment>
         <input_file_ref idref="fl-8"/>
      </object_component>
      <object_component id="oc-1c4">
         <name>.rodata.str1.32259715441103491711</name>
         <load_address>0x8a65</load_address>
         <readonly>true</readonly>
         <run_address>0x8a65</run_address>
         <size>0x16</size>
         <alignment>0x1</alignment>
         <input_file_ref idref="fl-8"/>
      </object_component>
      <object_component id="oc-146">
         <name>.rodata.Rcmd2green</name>
         <load_address>0x8a7b</load_address>
         <readonly>true</readonly>
         <run_address>0x8a7b</run_address>
         <size>0xd</size>
         <alignment>0x1</alignment>
         <input_file_ref idref="fl-8"/>
      </object_component>
      <object_component id="oc-145">
         <name>.rodata.Rcmd2red</name>
         <load_address>0x8a88</load_address>
         <readonly>true</readonly>
         <run_address>0x8a88</run_address>
         <size>0xd</size>
         <alignment>0x1</alignment>
         <input_file_ref idref="fl-8"/>
      </object_component>
      <object_component id="oc-112">
         <name>.rodata.str1.124282572876631599751</name>
         <load_address>0x8a95</load_address>
         <readonly>true</readonly>
         <run_address>0x8a95</run_address>
         <size>0x8</size>
         <alignment>0x1</alignment>
         <input_file_ref idref="fl-8"/>
      </object_component>
      <object_component id="oc-10b">
         <name>.rodata.str1.76276557619459892891</name>
         <load_address>0x8a9d</load_address>
         <readonly>true</readonly>
         <run_address>0x8a9d</run_address>
         <size>0x7</size>
         <alignment>0x1</alignment>
         <input_file_ref idref="fl-8"/>
      </object_component>
      <object_component id="oc-10e">
         <name>.rodata.str1.76930273999950191641</name>
         <load_address>0x8aa4</load_address>
         <readonly>true</readonly>
         <run_address>0x8aa4</run_address>
         <size>0x7</size>
         <alignment>0x1</alignment>
         <input_file_ref idref="fl-8"/>
      </object_component>
      <object_component id="oc-10f">
         <name>.rodata.str1.26227121302561720801</name>
         <load_address>0x8aab</load_address>
         <readonly>true</readonly>
         <run_address>0x8aab</run_address>
         <size>0x2</size>
         <alignment>0x1</alignment>
         <input_file_ref idref="fl-8"/>
      </object_component>
      <object_component id="oc-215">
         <name>.binit</name>
         <load_address>0x0</load_address>
         <readonly>true</readonly>
         <run_address>0x0</run_address>
         <size>0x0</size>
         <alignment>0x4</alignment>
      </object_component>
      <object_component id="oc-f0">
         <name>.data.BusFreq</name>
         <load_address>0x202005a8</load_address>
         <readwrite>true</readwrite>
         <run_address>0x202005a8</run_address>
         <size>0x4</size>
         <alignment>0x4</alignment>
         <input_file_ref idref="fl-2"/>
      </object_component>
      <object_component id="oc-84">
         <name>.data.stop</name>
         <load_address>0x202005c6</load_address>
         <readwrite>true</readwrite>
         <run_address>0x202005c6</run_address>
         <size>0x1</size>
         <alignment>0x1</alignment>
         <input_file_ref idref="fl-5"/>
      </object_component>
      <object_component id="oc-183">
         <name>.data.StX</name>
         <load_address>0x202005ac</load_address>
         <readwrite>true</readwrite>
         <run_address>0x202005ac</run_address>
         <size>0x4</size>
         <alignment>0x4</alignment>
         <input_file_ref idref="fl-8"/>
      </object_component>
      <object_component id="oc-184">
         <name>.data.StY</name>
         <load_address>0x202005b0</load_address>
         <readwrite>true</readwrite>
         <run_address>0x202005b0</run_address>
         <size>0x4</size>
         <alignment>0x4</alignment>
         <input_file_ref idref="fl-8"/>
      </object_component>
      <object_component id="oc-14b">
         <name>.data.StTextColor</name>
         <load_address>0x202005c0</load_address>
         <readwrite>true</readwrite>
         <run_address>0x202005c0</run_address>
         <size>0x2</size>
         <alignment>0x2</alignment>
         <input_file_ref idref="fl-8"/>
      </object_component>
      <object_component id="oc-116">
         <name>.data._width</name>
         <load_address>0x202005c4</load_address>
         <readwrite>true</readwrite>
         <run_address>0x202005c4</run_address>
         <size>0x2</size>
         <alignment>0x2</alignment>
         <input_file_ref idref="fl-8"/>
      </object_component>
      <object_component id="oc-117">
         <name>.data._height</name>
         <load_address>0x202005c2</load_address>
         <readwrite>true</readwrite>
         <run_address>0x202005c2</run_address>
         <size>0x2</size>
         <alignment>0x2</alignment>
         <input_file_ref idref="fl-8"/>
      </object_component>
      <object_component id="oc-132">
         <name>.data..L_MergedGlobals</name>
         <load_address>0x202005a0</load_address>
         <readwrite>true</readwrite>
         <run_address>0x202005a0</run_address>
         <size>0x8</size>
         <alignment>0x4</alignment>
         <input_file_ref idref="fl-2d"/>
      </object_component>
      <object_component id="oc-130">
         <name>.data._lock</name>
         <load_address>0x202005b8</load_address>
         <readwrite>true</readwrite>
         <run_address>0x202005b8</run_address>
         <size>0x4</size>
         <alignment>0x4</alignment>
         <input_file_ref idref="fl-2e"/>
      </object_component>
      <object_component id="oc-133">
         <name>.data._unlock</name>
         <load_address>0x202005bc</load_address>
         <readwrite>true</readwrite>
         <run_address>0x202005bc</run_address>
         <size>0x4</size>
         <alignment>0x4</alignment>
         <input_file_ref idref="fl-2e"/>
      </object_component>
      <object_component id="oc-110">
         <name>.data._ftable</name>
         <load_address>0x202003e8</load_address>
         <readwrite>true</readwrite>
         <run_address>0x202003e8</run_address>
         <size>0xf0</size>
         <alignment>0x4</alignment>
         <input_file_ref idref="fl-30"/>
      </object_component>
      <object_component id="oc-1a8">
         <name>.data.__TI_ft_end</name>
         <load_address>0x202005b4</load_address>
         <readwrite>true</readwrite>
         <run_address>0x202005b4</run_address>
         <size>0x4</size>
         <alignment>0x4</alignment>
         <input_file_ref idref="fl-30"/>
      </object_component>
      <object_component id="oc-1ff">
         <name>.data.memory_is_initialized</name>
         <load_address>0x202005cc</load_address>
         <readwrite>true</readwrite>
         <run_address>0x202005cc</run_address>
         <size>0x1</size>
         <alignment>0x4</alignment>
         <input_file_ref idref="fl-31"/>
      </object_component>
      <object_component id="oc-153">
         <name>.data._device</name>
         <load_address>0x202004d8</load_address>
         <readwrite>true</readwrite>
         <run_address>0x202004d8</run_address>
         <size>0x78</size>
         <alignment>0x4</alignment>
         <input_file_ref idref="fl-b0"/>
      </object_component>
      <object_component id="oc-1e9">
         <name>.data._stream</name>
         <load_address>0x20200550</load_address>
         <readwrite>true</readwrite>
         <run_address>0x20200550</run_address>
         <size>0x50</size>
         <alignment>0x4</alignment>
         <input_file_ref idref="fl-b0"/>
      </object_component>
      <object_component id="oc-1e8">
         <name>.data.open.stream_init</name>
         <load_address>0x202005d0</load_address>
         <readwrite>true</readwrite>
         <run_address>0x202005d0</run_address>
         <size>0x1</size>
         <alignment>0x4</alignment>
         <input_file_ref idref="fl-b2"/>
      </object_component>
      <object_component id="oc-152">
         <name>.data.add_device.device_init</name>
         <load_address>0x202005c8</load_address>
         <readwrite>true</readwrite>
         <run_address>0x202005c8</run_address>
         <size>0x1</size>
         <alignment>0x4</alignment>
         <input_file_ref idref="fl-b5"/>
      </object_component>
      <object_component id="oc-147">
         <name>.bss.ColStart</name>
         <uninitialized>true</uninitialized>
         <readwrite>true</readwrite>
         <run_address>0x202003e4</run_address>
         <size>0x1</size>
         <alignment>0x1</alignment>
         <input_file_ref idref="fl-8"/>
      </object_component>
      <object_component id="oc-148">
         <name>.bss.RowStart</name>
         <uninitialized>true</uninitialized>
         <readwrite>true</readwrite>
         <run_address>0x202003e5</run_address>
         <size>0x1</size>
         <alignment>0x1</alignment>
         <input_file_ref idref="fl-8"/>
      </object_component>
      <object_component id="oc-14a">
         <name>.bss.TabColor</name>
         <uninitialized>true</uninitialized>
         <readwrite>true</readwrite>
         <run_address>0x202003e6</run_address>
         <size>0x1</size>
         <alignment>0x1</alignment>
         <input_file_ref idref="fl-8"/>
      </object_component>
      <object_component id="oc-1bb">
         <name>.bss.__TI_tmpnams</name>
         <uninitialized>true</uninitialized>
         <readwrite>true</readwrite>
         <run_address>0x20200320</run_address>
         <size>0xa0</size>
         <alignment>0x1</alignment>
         <input_file_ref idref="fl-30"/>
      </object_component>
      <object_component id="oc-1fd">
         <name>.bss.sys_free</name>
         <uninitialized>true</uninitialized>
         <readwrite>true</readwrite>
         <run_address>0x202003c8</run_address>
         <size>0x4</size>
         <alignment>0x4</alignment>
         <input_file_ref idref="fl-31"/>
      </object_component>
      <object_component id="oc-1d0">
         <name>.bss.parmbuf</name>
         <uninitialized>true</uninitialized>
         <readwrite>true</readwrite>
         <run_address>0x202003c0</run_address>
         <size>0x8</size>
         <alignment>0x1</alignment>
         <input_file_ref idref="fl-b9"/>
      </object_component>
      <object_component id="oc-202">
         <name>.bss:_CIOBUF_</name>
         <uninitialized>true</uninitialized>
         <readwrite>true</readwrite>
         <run_address>0x20200200</run_address>
         <size>0x120</size>
         <alignment>0x4</alignment>
         <input_file_ref idref="fl-be"/>
      </object_component>
      <object_component id="oc-72">
         <name>.common:Index</name>
         <uninitialized>true</uninitialized>
         <readwrite>true</readwrite>
         <run_address>0x202003cc</run_address>
         <size>0x4</size>
         <alignment>0x4</alignment>
      </object_component>
      <object_component id="oc-73">
         <name>.common:Size</name>
         <uninitialized>true</uninitialized>
         <readwrite>true</readwrite>
         <run_address>0x202003d0</run_address>
         <size>0x4</size>
         <alignment>0x4</alignment>
      </object_component>
      <object_component id="oc-74">
         <name>.common:play</name>
         <uninitialized>true</uninitialized>
         <readwrite>true</readwrite>
         <run_address>0x202003e0</run_address>
         <size>0x4</size>
         <alignment>0x4</alignment>
      </object_component>
      <object_component id="oc-83">
         <name>.common:now</name>
         <uninitialized>true</uninitialized>
         <readwrite>true</readwrite>
         <run_address>0x202003dc</run_address>
         <size>0x4</size>
         <alignment>0x4</alignment>
      </object_component>
      <object_component id="oc-79">
         <name>.common:TExaSadc</name>
         <uninitialized>true</uninitialized>
         <readwrite>true</readwrite>
         <run_address>0x202003d8</run_address>
         <size>0x4</size>
         <alignment>0x4</alignment>
      </object_component>
      <object_component id="oc-7a">
         <name>.common:TExaSLogic</name>
         <uninitialized>true</uninitialized>
         <readwrite>true</readwrite>
         <run_address>0x202003d4</run_address>
         <size>0x4</size>
         <alignment>0x4</alignment>
      </object_component>
      <object_component id="oc-2f">
         <name>.sysmem</name>
         <uninitialized>true</uninitialized>
         <readwrite>true</readwrite>
         <run_address>0x20200000</run_address>
         <size>0x10</size>
         <alignment>0x8</alignment>
         <input_file_ref idref="fl-31"/>
      </object_component>
      <object_component id="oc-251">
         <name>.sysmem</name>
         <uninitialized>true</uninitialized>
         <readwrite>true</readwrite>
         <run_address>0x20200000</run_address>
         <size>0x0</size>
         <alignment>0x4</alignment>
      </object_component>
      <object_component id="oc-1a">
         <name>.stack</name>
         <uninitialized>true</uninitialized>
         <readwrite>true</readwrite>
         <run_address>0x20207e00</run_address>
         <size>0x4</size>
         <alignment>0x4</alignment>
         <input_file_ref idref="fl-36"/>
      </object_component>
      <object_component id="oc-250">
         <name>.stack</name>
         <uninitialized>true</uninitialized>
         <readwrite>true</readwrite>
         <run_address>0x20207e00</run_address>
         <size>0x0</size>
         <alignment>0x8</alignment>
      </object_component>
      <object_component id="oc-119">
         <name>.debug_abbrev</name>
         <load_address>0x0</load_address>
         <run_address>0x0</run_address>
         <size>0xf5</size>
         <alignment>0x1</alignment>
         <input_file_ref idref="fl-1"/>
      </object_component>
      <object_component id="oc-f1">
         <name>.debug_abbrev</name>
         <load_address>0xf5</load_address>
         <run_address>0xf5</run_address>
         <size>0x18b</size>
         <alignment>0x1</alignment>
[...]
         <value>0x9da5</value>
         <object_component_ref idref="oc-f6"/>
      </symbol>
      <symbol id="sm-11c">
         <name>ST7735_DrawPixel</name>
         <value>0xa2cd</value>
         <object_component_ref idref="oc-200"/>
      </symbol>
      <symbol id="sm-11d">
         <name>ST7735_DrawCharS</name>
         <value>0x8c65</value>
         <object_component_ref idref="oc-1c3"/>
      </symbol>
      <symbol id="sm-11e">
         <name>ST7735_DrawString</name>
         <value>0x9fed</value>
         <object_component_ref idref="oc-1c2"/>
      </symbol>
      <symbol id="sm-11f">
         <name>ST7735_OutChar</name>
         <value>0x983d</value>
         <object_component_ref idref="oc-169"/>
      </symbol>
      <symbol id="sm-120">
         <name>ST7735_open</name>
         <value>0xadb5</value>
         <object_component_ref idref="oc-10c"/>
      </symbol>
      <symbol id="sm-121">
         <name>ST7735_close</name>
         <value>0xaefb</value>
         <object_component_ref idref="oc-10d"/>
      </symbol>
      <symbol id="sm-122">
         <name>ST7735_read</name>
         <value>0xadcb</value>
         <object_component_ref idref="oc-10a"/>
      </symbol>
      <symbol id="sm-123">
         <name>ST7735_write</name>
         <value>0xaa95</value>
         <object_component_ref idref="oc-109"/>
      </symbol>
      <symbol id="sm-124">
         <name>ST7735_lseek</name>
         <value>0xae97</value>
         <object_component_ref idref="oc-108"/>
      </symbol>
      <symbol id="sm-125">
         <name>ST7735_unlink</name>
         <value>0xaf05</value>
         <object_component_ref idref="oc-107"/>
      </symbol>
      <symbol id="sm-126">
         <name>ST7735_rename</name>
         <value>0xaecd</value>
         <object_component_ref idref="oc-106"/>
      </symbol>
      <symbol id="sm-127">
         <name>ST7735_InitPrintf</name>
         <value>0x9d09</value>
         <object_component_ref idref="oc-b4"/>
      </symbol>
      <symbol id="sm-137">
         <name>SysTick_IntArm</name>
         <value>0xa7c5</value>
         <object_component_ref idref="oc-11d"/>
      </symbol>
      <symbol id="sm-138">
         <name>Sound_Init</name>
         <value>0xae0d</value>
         <object_component_ref idref="oc-c6"/>
      </symbol>
      <symbol id="sm-139">
         <name>SysTick_Handler</name>
         <value>0xa69b</value>
         <object_component_ref idref="oc-37"/>
      </symbol>
      <symbol id="sm-146">
         <name>Switch_Init</name>
         <value>0xad25</value>
         <object_component_ref idref="oc-bf"/>
      </symbol>
      <symbol id="sm-147">
         <name>Switch_In</name>
         <value>0xad65</value>
         <object_component_ref idref="oc-7d"/>
      </symbol>
      <symbol id="sm-15d">
         <name>ADC_Init</name>
         <value>0x9091</value>
         <object_component_ref idref="oc-123"/>
      </symbol>
      <symbol id="sm-15e">
         <name>ADC_Start</name>
         <value>0xac85</value>
         <object_component_ref idref="oc-124"/>
      </symbol>
      <symbol id="sm-15f">
         <name>UART_Init</name>
         <value>0x95a1</value>
         <object_component_ref idref="oc-125"/>
      </symbol>
      <symbol id="sm-160">
         <name>TIMG7_IRQHandler</name>
         <value>0xa84d</value>
         <object_component_ref idref="oc-41"/>
      </symbol>
      <symbol id="sm-161">
         <name>TExaSadc</name>
         <value>0x202003d8</value>
      </symbol>
      <symbol id="sm-162">
         <name>TExaSLogic</name>
         <value>0x202003d4</value>
      </symbol>
      <symbol id="sm-163">
         <name>TExaS_Init</name>
         <value>0xa5f1</value>
         <object_component_ref idref="oc-c7"/>
      </symbol>
      <symbol id="sm-173">
         <name>TimerA0_IntArm</name>
         <value>0x9a6d</value>
         <object_component_ref idref="oc-cd"/>
      </symbol>
      <symbol id="sm-174">
         <name>TimerG7_IntArm</name>
         <value>0x9b15</value>
         <object_component_ref idref="oc-12b"/>
      </symbol>
      <symbol id="sm-175">
         <name>TimerG12_IntArm</name>
         <value>0x9ed1</value>
         <object_component_ref idref="oc-c8"/>
      </symbol>
      <symbol id="sm-183">
         <name>Default_Handler</name>
         <value>0xaf21</value>
         <object_component_ref idref="oc-35"/>
      </symbol>
      <symbol id="sm-184">
         <name>Reset_Handler</name>
         <value>0xaf29</value>
         <object_component_ref idref="oc-31"/>
      </symbol>
      <symbol id="sm-185">
         <name>HardFault_Handler</name>
         <value>0xaf25</value>
         <object_component_ref idref="oc-36"/>
      </symbol>
      <symbol id="sm-186">
         <name>interruptVectors</name>
         <value>0x0</value>
         <object_component_ref idref="oc-18"/>
      </symbol>
      <symbol id="sm-187">
         <name>NMI_Handler</name>
         <value>0xaf21</value>
         <object_component_ref idref="oc-35"/>
      </symbol>
      <symbol id="sm-188">
         <name>SVC_Handler</name>
         <value>0xaf21</value>
         <object_component_ref idref="oc-35"/>
      </symbol>
      <symbol id="sm-189">
         <name>PendSV_Handler</name>
         <value>0xaf21</value>
         <object_component_ref idref="oc-35"/>
      </symbol>
      <symbol id="sm-18a">
         <name>GROUP0_IRQHandler</name>
         <value>0xaf21</value>
         <object_component_ref idref="oc-35"/>
      </symbol>
      <symbol id="sm-18b">
         <name>GROUP1_IRQHandler</name>
         <value>0xaf21</value>
         <object_component_ref idref="oc-35"/>
      </symbol>
      <symbol id="sm-18c">
         <name>TIMG8_IRQHandler</name>
         <value>0xaf21</value>
         <object_component_ref idref="oc-35"/>
      </symbol>
      <symbol id="sm-18d">
         <name>UART3_IRQHandler</name>
         <value>0xaf21</value>
         <object_component_ref idref="oc-35"/>
      </symbol>
      <symbol id="sm-18e">
         <name>ADC0_IRQHandler</name>
         <value>0xaf21</value>
         <object_component_ref idref="oc-35"/>
      </symbol>
      <symbol id="sm-18f">
         <name>ADC1_IRQHandler</name>
         <value>0xaf21</value>
         <object_component_ref idref="oc-35"/>
      </symbol>
      <symbol id="sm-190">
         <name>CANFD0_IRQHandler</name>
         <value>0xaf21</value>
         <object_component_ref idref="oc-35"/>
      </symbol>
      <symbol id="sm-191">
         <name>DAC0_IRQHandler</name>
         <value>0xaf21</value>
         <object_component_ref idref="oc-35"/>
      </symbol>
      <symbol id="sm-192">
         <name>SPI0_IRQHandler</name>
         <value>0xaf21</value>
         <object_component_ref idref="oc-35"/>
      </symbol>
      <symbol id="sm-193">
         <name>SPI1_IRQHandler</name>
         <value>0xaf21</value>
         <object_component_ref idref="oc-35"/>
      </symbol>
      <symbol id="sm-194">
         <name>UART1_IRQHandler</name>
         <value>0xaf21</value>
         <object_component_ref idref="oc-35"/>
      </symbol>
      <symbol id="sm-195">
         <name>UART2_IRQHandler</name>
         <value>0xaf21</value>
         <object_component_ref idref="oc-35"/>
      </symbol>
      <symbol id="sm-196">
         <name>UART0_IRQHandler</name>
         <value>0xaf21</value>
         <object_component_ref idref="oc-35"/>
      </symbol>
      <symbol id="sm-197">
         <name>TIMG0_IRQHandler</name>
         <value>0xaf21</value>
         <object_component_ref idref="oc-35"/>
      </symbol>
      <symbol id="sm-198">
         <name>TIMG6_IRQHandler</name>
         <value>0xaf21</value>
         <object_component_ref idref="oc-35"/>
      </symbol>
      <symbol id="sm-199">
         <name>TIMA1_IRQHandler</name>
         <value>0xaf21</value>
         <object_component_ref idref="oc-35"/>
      </symbol>
      <symbol id="sm-19a">
         <name>I2C0_IRQHandler</name>
         <value>0xaf21</value>
         <object_component_ref idref="oc-35"/>
      </symbol>
      <symbol id="sm-19b">
         <name>I2C1_IRQHandler</name>
         <value>0xaf21</value>
         <object_component_ref idref="oc-35"/>
      </symbol>
      <symbol id="sm-19c">
         <name>AES_IRQHandler</name>
         <value>0xaf21</value>
         <object_component_ref idref="oc-35"/>
      </symbol>
      <symbol id="sm-19d">
         <name>RTC_IRQHandler</name>
         <value>0xaf21</value>
         <object_component_ref idref="oc-35"/>
      </symbol>
      <symbol id="sm-19e">
         <name>DMA_IRQHandler</name>
         <value>0xaf21</value>
         <object_component_ref idref="oc-35"/>
      </symbol>
      <symbol id="sm-19f">
         <name>__TI_ATRegion0_src_addr</name>
         <value>0x0</value>
      </symbol>
      <symbol id="sm-1a0">
         <name>__TI_ATRegion0_trg_addr</name>
         <value>0x0</value>
      </symbol>
      <symbol id="sm-1a1">
         <name>__TI_ATRegion0_region_sz</name>
         <value>0x0</value>
      </symbol>
      <symbol id="sm-1a2">
         <name>__TI_ATRegion1_src_addr</name>
         <value>0x0</value>
      </symbol>
      <symbol id="sm-1a3">
         <name>__TI_ATRegion1_trg_addr</name>
         <value>0x0</value>
      </symbol>
      <symbol id="sm-1a4">
         <name>__TI_ATRegion1_region_sz</name>
         <value>0x0</value>
      </symbol>
      <symbol id="sm-1a5">
         <name>__TI_ATRegion2_src_addr</name>
         <value>0x0</value>
      </symbol>
      <symbol id="sm-1a6">
         <name>__TI_ATRegion2_trg_addr</name>
         <value>0x0</value>
      </symbol>
      <symbol id="sm-1a7">
         <name>__TI_ATRegion2_region_sz</name>
         <value>0x0</value>
      </symbol>
      <symbol id="sm-1c0">
         <name>fopen</name>
         <value>0xabfd</value>
         <object_component_ref idref="oc-fb"/>
      </symbol>
      <symbol id="sm-1c1">
         <name>__TI_cleanup</name>
         <value>0xaac9</value>
         <object_component_ref idref="oc-165"/>
      </symbol>
      <symbol id="sm-1c2">
         <name>freopen</name>
         <value>0xab99</value>
         <object_component_ref idref="oc-101"/>
      </symbol>
      <symbol id="sm-1cc">
         <name>setvbuf</name>
         <value>0x9689</value>
         <object_component_ref idref="oc-102"/>
      </symbol>
      <symbol id="sm-1db">
         <name>abort</name>
         <value>0xaf31</value>
         <object_component_ref idref="oc-cf"/>
      </symbol>
      <symbol id="sm-1dc">
         <name>C$$EXIT</name>
         <value>0xaf30</value>
         <object_component_ref idref="oc-cf"/>
      </symbol>
      <symbol id="sm-1dd">
         <name>__TI_cleanup_ptr</name>
         <value>0x202005a0</value>
         <object_component_ref idref="oc-132"/>
      </symbol>
      <symbol id="sm-1de">
         <name>__TI_dtors_ptr</name>
         <value>0x202005a4</value>
         <object_component_ref idref="oc-132"/>
      </symbol>
      <symbol id="sm-1df">
         <name>exit</name>
         <value>0xab65</value>
         <object_component_ref idref="oc-d4"/>
      </symbol>
      <symbol id="sm-1e8">
         <name>_nop</name>
         <value>0xadf7</value>
         <object_component_ref idref="oc-176"/>
      </symbol>
      <symbol id="sm-1e9">
         <name>_lock</name>
         <value>0x202005b8</value>
         <object_component_ref idref="oc-130"/>
      </symbol>
      <symbol id="sm-1ea">
         <name>_unlock</name>
         <value>0x202005bc</value>
         <object_component_ref idref="oc-133"/>
      </symbol>
      <symbol id="sm-1f0">
         <name>_ftable</name>
         <value>0x202003e8</value>
         <object_component_ref idref="oc-110"/>
      </symbol>
      <symbol id="sm-1f1">
         <name>__TI_ft_end</name>
         <value>0x202005b4</value>
         <object_component_ref idref="oc-1a8"/>
      </symbol>
      <symbol id="sm-1f2">
         <name>__TI_tmpnams</name>
         <value>0x20200320</value>
         <object_component_ref idref="oc-1bb"/>
      </symbol>
      <symbol id="sm-215">
         <name>malloc</name>
         <value>0xaee5</value>
         <object_component_ref idref="oc-164"/>
      </symbol>
      <symbol id="sm-216">
         <name>aligned_alloc</name>
         <value>0x8f65</value>
         <object_component_ref idref="oc-1c1"/>
      </symbol>
      <symbol id="sm-217">
         <name>free</name>
         <value>0x94b5</value>
         <object_component_ref idref="oc-162"/>
      </symbol>
      <symbol id="sm-218">
         <name>_sys_memory</name>
         <value>0x20200000</value>
         <object_component_ref idref="oc-2f"/>
      </symbol>
      <symbol id="sm-219">
         <name>memalign</name>
         <value>0x8f65</value>
         <object_component_ref idref="oc-1c1"/>
      </symbol>
      <symbol id="sm-224">
         <name>__TI_zero_init_nomemset</name>
         <value>0xade1</value>
         <object_component_ref idref="oc-59"/>
      </symbol>
      <symbol id="sm-22d">
         <name>__TI_decompress_none</name>
         <value>0xae45</value>
         <object_component_ref idref="oc-20"/>
      </symbol>
      <symbol id="sm-238">
         <name>__TI_decompress_lzss</name>
         <value>0xa1e1</value>
         <object_component_ref idref="oc-1c"/>
      </symbol>
      <symbol id="sm-243">
         <name>_c_int00_noargs</name>
         <value>0xacfd</value>
         <object_component_ref idref="oc-62"/>
      </symbol>
      <symbol id="sm-244">
         <name>__stack</name>
         <value>0x20207e00</value>
         <object_component_ref idref="oc-1a"/>
      </symbol>
      <symbol id="sm-251">
         <name>__TI_closefile</name>
         <value>0xa0ed</value>
         <object_component_ref idref="oc-15c"/>
      </symbol>
      <symbol id="sm-25b">
         <name>__TI_doflush</name>
         <value>0xa649</value>
         <object_component_ref idref="oc-1ad"/>
      </symbol>
      <symbol id="sm-269">
         <name>__TI_auto_init_nobinit_nopinit</name>
         <value>0xa949</value>
         <object_component_ref idref="oc-d6"/>
      </symbol>
      <symbol id="sm-271">
         <name>_system_pre_init</name>
         <value>0xaf2d</value>
         <object_component_ref idref="oc-8e"/>
      </symbol>
      <symbol id="sm-284">
         <name>write</name>
         <value>0xacd5</value>
         <object_component_ref idref="oc-1ed"/>
      </symbol>
      <symbol id="sm-289">
         <name>_device</name>
         <value>0x202004d8</value>
         <object_component_ref idref="oc-153"/>
      </symbol>
      <symbol id="sm-28a">
         <name>_stream</name>
         <value>0x20200550</value>
         <object_component_ref idref="oc-1e9"/>
      </symbol>
      <symbol id="sm-293">
         <name>remove</name>
         <value>0xaf19</value>
         <object_component_ref idref="oc-1b7"/>
      </symbol>
      <symbol id="sm-29f">
         <name>open</name>
         <value>0x9bbd</value>
         <object_component_ref idref="oc-1a9"/>
      </symbol>
      <symbol id="sm-2aa">
         <name>close</name>
         <value>0xa69d</value>
         <object_component_ref idref="oc-1b3"/>
      </symbol>
      <symbol id="sm-2b6">
         <name>add_device</name>
         <value>0x93c9</value>
         <object_component_ref idref="oc-f7"/>
      </symbol>
      <symbol id="sm-2c0">
         <name>unlink</name>
         <value>0xac59</value>
         <object_component_ref idref="oc-1f6"/>
      </symbol>
      <symbol id="sm-2ca">
         <name>HOSTclose</name>
         <value>0xa6ed</value>
         <object_component_ref idref="oc-18b"/>
      </symbol>
      <symbol id="sm-2d4">
         <name>HOSTlseek</name>
         <value>0xa33d</value>
         <object_component_ref idref="oc-197"/>
      </symbol>
      <symbol id="sm-2de">
         <name>HOSTopen</name>
         <value>0xa4e1</value>
         <object_component_ref idref="oc-187"/>
      </symbol>
      <symbol id="sm-2df">
         <name>parmbuf</name>
         <value>0x202003c0</value>
         <object_component_ref idref="oc-1d0"/>
      </symbol>
      <symbol id="sm-2e9">
         <name>HOSTread</name>
         <value>0xa541</value>
         <object_component_ref idref="oc-18f"/>
      </symbol>
      <symbol id="sm-2fa">
         <name>HOSTrename</name>
         <value>0xa3a9</value>
         <object_component_ref idref="oc-19f"/>
      </symbol>
      <symbol id="sm-304">
         <name>HOSTunlink</name>
         <value>0xa735</value>
         <object_component_ref idref="oc-19b"/>
      </symbol>
      <symbol id="sm-30e">
         <name>HOSTwrite</name>
         <value>0xa599</value>
         <object_component_ref idref="oc-193"/>
      </symbol>
      <symbol id="sm-31c">
         <name>C$$IO$$</name>
         <value>0xab5d</value>
         <object_component_ref idref="oc-1c9"/>
      </symbol>
      <symbol id="sm-31d">
         <name>__TI_writemsg</name>
         <value>0xab31</value>
         <object_component_ref idref="oc-1c9"/>
      </symbol>
      <symbol id="sm-31e">
         <name>__CIOBUF_</name>
         <value>0x20200200</value>
         <object_component_ref idref="oc-202"/>
      </symbol>
      <symbol id="sm-31f">
         <name>__TI_readmsg</name>
         <value>0xaafd</value>
         <object_component_ref idref="oc-1cf"/>
      </symbol>
      <symbol id="sm-320">
         <name>_CIOBUF_</name>
         <value>0x20200200</value>
         <object_component_ref idref="oc-202"/>
      </symbol>
      <symbol id="sm-326">
         <name>__aeabi_memcpy</name>
         <value>0xaf11</value>
         <object_component_ref idref="oc-52"/>
      </symbol>
      <symbol id="sm-327">
         <name>__aeabi_memcpy4</name>
         <value>0xaf11</value>
         <object_component_ref idref="oc-52"/>
      </symbol>
      <symbol id="sm-328">
         <name>__aeabi_memcpy8</name>
         <value>0xaf11</value>
         <object_component_ref idref="oc-52"/>
      </symbol>
      <symbol id="sm-32f">
         <name>__aeabi_memclr</name>
         <value>0xaed9</value>
         <object_component_ref idref="oc-89"/>
      </symbol>
      <symbol id="sm-330">
         <name>__aeabi_memclr4</name>
         <value>0xaed9</value>
         <object_component_ref idref="oc-89"/>
      </symbol>
      <symbol id="sm-331">
         <name>__aeabi_memclr8</name>
         <value>0xaed9</value>
         <object_component_ref idref="oc-89"/>
      </symbol>
      <symbol id="sm-337">
         <name>__aeabi_uidiv</name>
         <value>0xa88d</value>
         <object_component_ref idref="oc-127"/>
      </symbol>
      <symbol id="sm-338">
         <name>__aeabi_uidivmod</name>
         <value>0xa88d</value>
         <object_component_ref idref="oc-127"/>
      </symbol>
      <symbol id="sm-343">
         <name>__aeabi_idiv0</name>
         <value>0xad63</value>
         <object_component_ref idref="oc-170"/>
      </symbol>
      <symbol id="sm-351">
         <name>finddevice</name>
         <value>0xa9f5</value>
         <object_component_ref idref="oc-14c"/>
      </symbol>
      <symbol id="sm-352">
         <name>getdevice</name>
         <value>0xa415</value>
         <object_component_ref idref="oc-1e7"/>
      </symbol>
      <symbol id="sm-35b">
         <name>TI_memcpy_small</name>
         <value>0xae33</value>
         <object_component_ref idref="oc-9f"/>
      </symbol>
      <symbol id="sm-364">
         <name>TI_memset_small</name>
         <value>0xaeb3</value>
         <object_component_ref idref="oc-e9"/>
      </symbol>
      <symbol id="sm-365">
         <name>__TI_static_base__</name>
         <value>0x0</value>
      </symbol>
      <symbol id="sm-368">
         <name>__mpu_init</name>
         <value>0x0</value>
      </symbol>
      <symbol id="sm-369">
         <name>_system_post_cinit</name>
         <value>0x0</value>
      </symbol>
   </symbol_table>
   <title>Link successful</title>
</link_info>
